Apache Maven 3.6.1 (d66c9c0b3152b2e69ee9bac180bb8fcc8e6af555; 2019-04-04T22:00:29+03:00)
Maven home: C:\Users\Public\apache-maven-3.6.1\bin\..
Java version: 12.0.1, vendor: Oracle Corporation, runtime: C:\Program Files\Java\jdk-12.0.1
Default locale: ru_RU, platform encoding: Cp1251
OS name: "windows 10", version: "10.0", arch: "amd64", family: "windows"
[DEBUG] Created new class realm maven.api
[DEBUG] Importing foreign packages into class realm maven.api
[DEBUG]   Imported: javax.annotation.* < plexus.core
[DEBUG]   Imported: javax.annotation.security.* < plexus.core
[DEBUG]   Imported: javax.enterprise.inject.* < plexus.core
[DEBUG]   Imported: javax.enterprise.util.* < plexus.core
[DEBUG]   Imported: javax.inject.* < plexus.core
[DEBUG]   Imported: org.apache.maven.* < plexus.core
[DEBUG]   Imported: org.apache.maven.artifact < plexus.core
[DEBUG]   Imported: org.apache.maven.classrealm < plexus.core
[DEBUG]   Imported: org.apache.maven.cli < plexus.core
[DEBUG]   Imported: org.apache.maven.configuration < plexus.core
[DEBUG]   Imported: org.apache.maven.exception < plexus.core
[DEBUG]   Imported: org.apache.maven.execution < plexus.core
[DEBUG]   Imported: org.apache.maven.execution.scope < plexus.core
[DEBUG]   Imported: org.apache.maven.lifecycle < plexus.core
[DEBUG]   Imported: org.apache.maven.model < plexus.core
[DEBUG]   Imported: org.apache.maven.monitor < plexus.core
[DEBUG]   Imported: org.apache.maven.plugin < plexus.core
[DEBUG]   Imported: org.apache.maven.profiles < plexus.core
[DEBUG]   Imported: org.apache.maven.project < plexus.core
[DEBUG]   Imported: org.apache.maven.reporting < plexus.core
[DEBUG]   Imported: org.apache.maven.repository < plexus.core
[DEBUG]   Imported: org.apache.maven.rtinfo < plexus.core
[DEBUG]   Imported: org.apache.maven.settings < plexus.core
[DEBUG]   Imported: org.apache.maven.toolchain < plexus.core
[DEBUG]   Imported: org.apache.maven.usability < plexus.core
[DEBUG]   Imported: org.apache.maven.wagon.* < plexus.core
[DEBUG]   Imported: org.apache.maven.wagon.authentication < plexus.core
[DEBUG]   Imported: org.apache.maven.wagon.authorization < plexus.core
[DEBUG]   Imported: org.apache.maven.wagon.events < plexus.core
[DEBUG]   Imported: org.apache.maven.wagon.observers < plexus.core
[DEBUG]   Imported: org.apache.maven.wagon.proxy < plexus.core
[DEBUG]   Imported: org.apache.maven.wagon.repository < plexus.core
[DEBUG]   Imported: org.apache.maven.wagon.resource < plexus.core
[DEBUG]   Imported: org.codehaus.classworlds < plexus.core
[DEBUG]   Imported: org.codehaus.plexus.* < plexus.core
[DEBUG]   Imported: org.codehaus.plexus.classworlds < plexus.core
[DEBUG]   Imported: org.codehaus.plexus.component < plexus.core
[DEBUG]   Imported: org.codehaus.plexus.configuration < plexus.core
[DEBUG]   Imported: org.codehaus.plexus.container < plexus.core
[DEBUG]   Imported: org.codehaus.plexus.context < plexus.core
[DEBUG]   Imported: org.codehaus.plexus.lifecycle < plexus.core
[DEBUG]   Imported: org.codehaus.plexus.logging < plexus.core
[DEBUG]   Imported: org.codehaus.plexus.personality < plexus.core
[DEBUG]   Imported: org.codehaus.plexus.util.xml.Xpp3Dom < plexus.core
[DEBUG]   Imported: org.codehaus.plexus.util.xml.pull.XmlPullParser < plexus.core
[DEBUG]   Imported: org.codehaus.plexus.util.xml.pull.XmlPullParserException < plexus.core
[DEBUG]   Imported: org.codehaus.plexus.util.xml.pull.XmlSerializer < plexus.core
[DEBUG]   Imported: org.eclipse.aether.* < plexus.core
[DEBUG]   Imported: org.eclipse.aether.artifact < plexus.core
[DEBUG]   Imported: org.eclipse.aether.collection < plexus.core
[DEBUG]   Imported: org.eclipse.aether.deployment < plexus.core
[DEBUG]   Imported: org.eclipse.aether.graph < plexus.core
[DEBUG]   Imported: org.eclipse.aether.impl < plexus.core
[DEBUG]   Imported: org.eclipse.aether.installation < plexus.core
[DEBUG]   Imported: org.eclipse.aether.internal.impl < plexus.core
[DEBUG]   Imported: org.eclipse.aether.metadata < plexus.core
[DEBUG]   Imported: org.eclipse.aether.repository < plexus.core
[DEBUG]   Imported: org.eclipse.aether.resolution < plexus.core
[DEBUG]   Imported: org.eclipse.aether.spi < plexus.core
[DEBUG]   Imported: org.eclipse.aether.transfer < plexus.core
[DEBUG]   Imported: org.eclipse.aether.version < plexus.core
[DEBUG]   Imported: org.fusesource.jansi.* < plexus.core
[DEBUG]   Imported: org.slf4j.* < plexus.core
[DEBUG]   Imported: org.slf4j.event.* < plexus.core
[DEBUG]   Imported: org.slf4j.helpers.* < plexus.core
[DEBUG]   Imported: org.slf4j.spi.* < plexus.core
[DEBUG] Populating class realm maven.api
[INFO] Error stacktraces are turned on.
[DEBUG] Message scheme: color
[DEBUG] Message styles: debug info warning error success failure strong mojo project
[DEBUG] Reading global settings from C:\Users\Public\apache-maven-3.6.1\bin\..\conf\settings.xml
[DEBUG] Reading user settings from C:\Users\andan\.m2\settings.xml
[DEBUG] Reading global toolchains from C:\Users\Public\apache-maven-3.6.1\bin\..\conf\toolchains.xml
[DEBUG] Reading user toolchains from C:\Users\andan\.m2\toolchains.xml
[DEBUG] Using local repository at C:\Users\andan\.m2\repository
[DEBUG] Using manager EnhancedLocalRepositoryManager with priority 10.0 for C:\Users\andan\.m2\repository
[INFO] Scanning for projects...
[DEBUG] Extension realms for project TestGroup:TestGroup:jar:1.0-SNAPSHOT: (none)
[DEBUG] Looking up lifecycle mappings for packaging jar from ClassRealm[plexus.core, parent: null]
[WARNING] 
[WARNING] Some problems were encountered while building the effective model for TestGroup:TestGroup:jar:1.0-SNAPSHOT
[WARNING] 'build.plugins.plugin.version' for org.apache.maven.plugins:maven-compiler-plugin is missing. @ line 49, column 21
[WARNING] 
[WARNING] It is highly recommended to fix these problems because they threaten the stability of your build.
[WARNING] 
[WARNING] For this reason, future Maven versions might no longer support building such malformed projects.
[WARNING] 
[DEBUG] === REACTOR BUILD PLAN ================================================
[DEBUG] Project: TestGroup:TestGroup:jar:1.0-SNAPSHOT
[DEBUG] Tasks:   [install]
[DEBUG] Style:   Regular
[DEBUG] =======================================================================
[INFO] 
[INFO] ------------------------< TestGroup:TestGroup >-------------------------
[INFO] Building TestGroup 1.0-SNAPSHOT
[INFO] --------------------------------[ jar ]---------------------------------
[DEBUG] Lifecycle default -> [validate, initialize, generate-sources, process-sources, generate-resources, process-resources, compile, process-classes, generate-test-sources, process-test-sources, generate-test-resources, process-test-resources, test-compile, process-test-classes, test, prepare-package, package, pre-integration-test, integration-test, post-integration-test, verify, install, deploy]
[DEBUG] Lifecycle clean -> [pre-clean, clean, post-clean]
[DEBUG] Lifecycle site -> [pre-site, site, post-site, site-deploy]
[DEBUG] Lifecycle default -> [validate, initialize, generate-sources, process-sources, generate-resources, process-resources, compile, process-classes, generate-test-sources, process-test-sources, generate-test-resources, process-test-resources, test-compile, process-test-classes, test, prepare-package, package, pre-integration-test, integration-test, post-integration-test, verify, install, deploy]
[DEBUG] Lifecycle clean -> [pre-clean, clean, post-clean]
[DEBUG] Lifecycle site -> [pre-site, site, post-site, site-deploy]
[DEBUG] Lifecycle default -> [validate, initialize, generate-sources, process-sources, generate-resources, process-resources, compile, process-classes, generate-test-sources, process-test-sources, generate-test-resources, process-test-resources, test-compile, process-test-classes, test, prepare-package, package, pre-integration-test, integration-test, post-integration-test, verify, install, deploy]
[DEBUG] Lifecycle clean -> [pre-clean, clean, post-clean]
[DEBUG] Lifecycle site -> [pre-site, site, post-site, site-deploy]
[DEBUG] Lifecycle default -> [validate, initialize, generate-sources, process-sources, generate-resources, process-resources, compile, process-classes, generate-test-sources, process-test-sources, generate-test-resources, process-test-resources, test-compile, process-test-classes, test, prepare-package, package, pre-integration-test, integration-test, post-integration-test, verify, install, deploy]
[DEBUG] Lifecycle clean -> [pre-clean, clean, post-clean]
[DEBUG] Lifecycle site -> [pre-site, site, post-site, site-deploy]
[DEBUG] Lifecycle default -> [validate, initialize, generate-sources, process-sources, generate-resources, process-resources, compile, process-classes, generate-test-sources, process-test-sources, generate-test-resources, process-test-resources, test-compile, process-test-classes, test, prepare-package, package, pre-integration-test, integration-test, post-integration-test, verify, install, deploy]
[DEBUG] Lifecycle clean -> [pre-clean, clean, post-clean]
[DEBUG] Lifecycle site -> [pre-site, site, post-site, site-deploy]
[DEBUG] Lifecycle default -> [validate, initialize, generate-sources, process-sources, generate-resources, process-resources, compile, process-classes, generate-test-sources, process-test-sources, generate-test-resources, process-test-resources, test-compile, process-test-classes, test, prepare-package, package, pre-integration-test, integration-test, post-integration-test, verify, install, deploy]
[DEBUG] Lifecycle clean -> [pre-clean, clean, post-clean]
[DEBUG] Lifecycle site -> [pre-site, site, post-site, site-deploy]
[DEBUG] Lifecycle default -> [validate, initialize, generate-sources, process-sources, generate-resources, process-resources, compile, process-classes, generate-test-sources, process-test-sources, generate-test-resources, process-test-resources, test-compile, process-test-classes, test, prepare-package, package, pre-integration-test, integration-test, post-integration-test, verify, install, deploy]
[DEBUG] Lifecycle clean -> [pre-clean, clean, post-clean]
[DEBUG] Lifecycle site -> [pre-site, site, post-site, site-deploy]
[DEBUG] Lifecycle default -> [validate, initialize, generate-sources, process-sources, generate-resources, process-resources, compile, process-classes, generate-test-sources, process-test-sources, generate-test-resources, process-test-resources, test-compile, process-test-classes, test, prepare-package, package, pre-integration-test, integration-test, post-integration-test, verify, install, deploy]
[DEBUG] Lifecycle clean -> [pre-clean, clean, post-clean]
[DEBUG] Lifecycle site -> [pre-site, site, post-site, site-deploy]
[DEBUG] === PROJECT BUILD PLAN ================================================
[DEBUG] Project:       TestGroup:TestGroup:1.0-SNAPSHOT
[DEBUG] Dependencies (collect): []
[DEBUG] Dependencies (resolve): [compile, runtime, test]
[DEBUG] Repositories (dependencies): [central (https://repo.maven.apache.org/maven2, default, releases)]
[DEBUG] Repositories (plugins)     : [central (https://repo.maven.apache.org/maven2, default, releases)]
[DEBUG] -----------------------------------------------------------------------
[DEBUG] Goal:          org.apache.maven.plugins:maven-resources-plugin:2.6:resources (default-resources)
[DEBUG] Style:         Regular
[DEBUG] Configuration: <?xml version="1.0" encoding="UTF-8"?>
<configuration>
  <buildFilters default-value="${project.build.filters}"/>
  <encoding default-value="${project.build.sourceEncoding}">${encoding}</encoding>
  <escapeString>${maven.resources.escapeString}</escapeString>
  <escapeWindowsPaths default-value="true">${maven.resources.escapeWindowsPaths}</escapeWindowsPaths>
  <includeEmptyDirs default-value="false">${maven.resources.includeEmptyDirs}</includeEmptyDirs>
  <outputDirectory default-value="${project.build.outputDirectory}"/>
  <overwrite default-value="false">${maven.resources.overwrite}</overwrite>
  <project default-value="${project}"/>
  <resources default-value="${project.resources}"/>
  <session default-value="${session}"/>
  <supportMultiLineFiltering default-value="false">${maven.resources.supportMultiLineFiltering}</supportMultiLineFiltering>
  <useBuildFilters default-value="true"/>
  <useDefaultDelimiters default-value="true"/>
</configuration>
[DEBUG] -----------------------------------------------------------------------
[DEBUG] Goal:          org.apache.maven.plugins:maven-compiler-plugin:3.1:compile (default-compile)
[DEBUG] Style:         Regular
[DEBUG] Configuration: <?xml version="1.0" encoding="UTF-8"?>
<configuration>
  <basedir default-value="${basedir}"/>
  <buildDirectory default-value="${project.build.directory}"/>
  <classpathElements default-value="${project.compileClasspathElements}"/>
  <compileSourceRoots default-value="${project.compileSourceRoots}"/>
  <compilerId default-value="javac">${maven.compiler.compilerId}</compilerId>
  <compilerReuseStrategy default-value="${reuseCreated}">${maven.compiler.compilerReuseStrategy}</compilerReuseStrategy>
  <compilerVersion>${maven.compiler.compilerVersion}</compilerVersion>
  <debug default-value="true">${maven.compiler.debug}</debug>
  <debuglevel>${maven.compiler.debuglevel}</debuglevel>
  <encoding default-value="${project.build.sourceEncoding}">${encoding}</encoding>
  <executable>${maven.compiler.executable}</executable>
  <failOnError default-value="true">${maven.compiler.failOnError}</failOnError>
  <forceJavacCompilerUse default-value="false">${maven.compiler.forceJavacCompilerUse}</forceJavacCompilerUse>
  <fork default-value="false">${maven.compiler.fork}</fork>
  <generatedSourcesDirectory default-value="${project.build.directory}/generated-sources/annotations"/>
  <maxmem>${maven.compiler.maxmem}</maxmem>
  <meminitial>${maven.compiler.meminitial}</meminitial>
  <mojoExecution>${mojoExecution}</mojoExecution>
  <optimize default-value="false">${maven.compiler.optimize}</optimize>
  <outputDirectory default-value="${project.build.outputDirectory}"/>
  <projectArtifact default-value="${project.artifact}"/>
  <showDeprecation default-value="false">${maven.compiler.showDeprecation}</showDeprecation>
  <showWarnings default-value="false">${maven.compiler.showWarnings}</showWarnings>
  <skipMain>${maven.main.skip}</skipMain>
  <skipMultiThreadWarning default-value="false">${maven.compiler.skipMultiThreadWarning}</skipMultiThreadWarning>
  <source default-value="1.5">8</source>
  <staleMillis default-value="0">${lastModGranularityMs}</staleMillis>
  <target default-value="1.5">8</target>
  <useIncrementalCompilation default-value="true">${maven.compiler.useIncrementalCompilation}</useIncrementalCompilation>
  <verbose default-value="false">${maven.compiler.verbose}</verbose>
  <mavenSession default-value="${session}"/>
  <session default-value="${session}"/>
</configuration>
[DEBUG] -----------------------------------------------------------------------
[DEBUG] Goal:          org.apache.maven.plugins:maven-resources-plugin:2.6:testResources (default-testResources)
[DEBUG] Style:         Regular
[DEBUG] Configuration: <?xml version="1.0" encoding="UTF-8"?>
<configuration>
  <buildFilters default-value="${project.build.filters}"/>
  <encoding default-value="${project.build.sourceEncoding}">${encoding}</encoding>
  <escapeString>${maven.resources.escapeString}</escapeString>
  <escapeWindowsPaths default-value="true">${maven.resources.escapeWindowsPaths}</escapeWindowsPaths>
  <includeEmptyDirs default-value="false">${maven.resources.includeEmptyDirs}</includeEmptyDirs>
  <outputDirectory default-value="${project.build.testOutputDirectory}"/>
  <overwrite default-value="false">${maven.resources.overwrite}</overwrite>
  <project default-value="${project}"/>
  <resources default-value="${project.testResources}"/>
  <session default-value="${session}"/>
  <skip>${maven.test.skip}</skip>
  <supportMultiLineFiltering default-value="false">${maven.resources.supportMultiLineFiltering}</supportMultiLineFiltering>
  <useBuildFilters default-value="true"/>
  <useDefaultDelimiters default-value="true"/>
</configuration>
[DEBUG] -----------------------------------------------------------------------
[DEBUG] Goal:          org.apache.maven.plugins:maven-compiler-plugin:3.1:testCompile (default-testCompile)
[DEBUG] Style:         Regular
[DEBUG] Configuration: <?xml version="1.0" encoding="UTF-8"?>
<configuration>
  <basedir default-value="${basedir}"/>
  <buildDirectory default-value="${project.build.directory}"/>
  <classpathElements default-value="${project.testClasspathElements}"/>
  <compileSourceRoots default-value="${project.testCompileSourceRoots}"/>
  <compilerId default-value="javac">${maven.compiler.compilerId}</compilerId>
  <compilerReuseStrategy default-value="${reuseCreated}">${maven.compiler.compilerReuseStrategy}</compilerReuseStrategy>
  <compilerVersion>${maven.compiler.compilerVersion}</compilerVersion>
  <debug default-value="true">${maven.compiler.debug}</debug>
  <debuglevel>${maven.compiler.debuglevel}</debuglevel>
  <encoding default-value="${project.build.sourceEncoding}">${encoding}</encoding>
  <executable>${maven.compiler.executable}</executable>
  <failOnError default-value="true">${maven.compiler.failOnError}</failOnError>
  <forceJavacCompilerUse default-value="false">${maven.compiler.forceJavacCompilerUse}</forceJavacCompilerUse>
  <fork default-value="false">${maven.compiler.fork}</fork>
  <generatedTestSourcesDirectory default-value="${project.build.directory}/generated-test-sources/test-annotations"/>
  <maxmem>${maven.compiler.maxmem}</maxmem>
  <meminitial>${maven.compiler.meminitial}</meminitial>
  <mojoExecution>${mojoExecution}</mojoExecution>
  <optimize default-value="false">${maven.compiler.optimize}</optimize>
  <outputDirectory default-value="${project.build.testOutputDirectory}"/>
  <showDeprecation default-value="false">${maven.compiler.showDeprecation}</showDeprecation>
  <showWarnings default-value="false">${maven.compiler.showWarnings}</showWarnings>
  <skip>${maven.test.skip}</skip>
  <skipMultiThreadWarning default-value="false">${maven.compiler.skipMultiThreadWarning}</skipMultiThreadWarning>
  <source default-value="1.5">8</source>
  <staleMillis default-value="0">${lastModGranularityMs}</staleMillis>
  <target default-value="1.5">8</target>
  <testSource>${maven.compiler.testSource}</testSource>
  <testTarget>${maven.compiler.testTarget}</testTarget>
  <useIncrementalCompilation default-value="true">${maven.compiler.useIncrementalCompilation}</useIncrementalCompilation>
  <verbose default-value="false">${maven.compiler.verbose}</verbose>
  <mavenSession default-value="${session}"/>
  <session default-value="${session}"/>
</configuration>
[DEBUG] -----------------------------------------------------------------------
[DEBUG] Goal:          org.apache.maven.plugins:maven-surefire-plugin:2.20.1:test (default-test)
[DEBUG] Style:         Regular
[DEBUG] Configuration: <?xml version="1.0" encoding="UTF-8"?>
<configuration>
  <additionalClasspathElements>${maven.test.additionalClasspath}</additionalClasspathElements>
  <argLine>-javaagent:&quot;${settings.localRepository}/org/aspectj/aspectjweaver/1.8.10/aspectjweaver-1.8.10.jar&quot;</argLine>
  <basedir default-value="${basedir}"/>
  <childDelegation default-value="false">${childDelegation}</childDelegation>
  <classesDirectory default-value="${project.build.outputDirectory}"/>
  <classpathDependencyExcludes>${maven.test.dependency.excludes}</classpathDependencyExcludes>
  <debugForkedProcess>${maven.surefire.debug}</debugForkedProcess>
  <dependenciesToScan>${dependenciesToScan}</dependenciesToScan>
  <disableXmlReport default-value="false">${disableXmlReport}</disableXmlReport>
  <enableAssertions default-value="true">${enableAssertions}</enableAssertions>
  <excludedGroups>${excludedGroups}</excludedGroups>
  <excludesFile>${surefire.excludesFile}</excludesFile>
  <failIfNoSpecifiedTests>${surefire.failIfNoSpecifiedTests}</failIfNoSpecifiedTests>
  <failIfNoTests>${failIfNoTests}</failIfNoTests>
  <forkCount default-value="1">${forkCount}</forkCount>
  <forkMode default-value="once">${forkMode}</forkMode>
  <forkedProcessExitTimeoutInSeconds default-value="30">${surefire.exitTimeout}</forkedProcessExitTimeoutInSeconds>
  <forkedProcessTimeoutInSeconds>${surefire.timeout}</forkedProcessTimeoutInSeconds>
  <groups>${groups}</groups>
  <includesFile>${surefire.includesFile}</includesFile>
  <junitArtifactName default-value="junit:junit">${junitArtifactName}</junitArtifactName>
  <jvm>${jvm}</jvm>
  <localRepository default-value="${localRepository}"/>
  <objectFactory>${objectFactory}</objectFactory>
  <parallel>${parallel}</parallel>
  <parallelMavenExecution default-value="${session.parallel}"/>
  <parallelOptimized default-value="true">${parallelOptimized}</parallelOptimized>
  <parallelTestsTimeoutForcedInSeconds>${surefire.parallel.forcedTimeout}</parallelTestsTimeoutForcedInSeconds>
  <parallelTestsTimeoutInSeconds>${surefire.parallel.timeout}</parallelTestsTimeoutInSeconds>
  <perCoreThreadCount default-value="true">${perCoreThreadCount}</perCoreThreadCount>
  <pluginArtifactMap>${plugin.artifactMap}</pluginArtifactMap>
  <pluginDescriptor default-value="${plugin}"/>
  <printSummary default-value="true">${surefire.printSummary}</printSummary>
  <projectArtifactMap>${project.artifactMap}</projectArtifactMap>
  <projectBuildDirectory default-value="${project.build.directory}"/>
  <properties>
    <allure.results.directory>target/allure-results</allure.results.directory>
  </properties>
  <redirectTestOutputToFile default-value="false">${maven.test.redirectTestOutputToFile}</redirectTestOutputToFile>
  <remoteRepositories default-value="${project.pluginArtifactRepositories}"/>
  <reportFormat default-value="brief">${surefire.reportFormat}</reportFormat>
  <reportNameSuffix default-value="">${surefire.reportNameSuffix}</reportNameSuffix>
  <reportsDirectory default-value="${project.build.directory}/surefire-reports"/>
  <rerunFailingTestsCount default-value="0">${surefire.rerunFailingTestsCount}</rerunFailingTestsCount>
  <reuseForks default-value="true">${reuseForks}</reuseForks>
  <runOrder default-value="filesystem">${surefire.runOrder}</runOrder>
  <shutdown default-value="testset">${surefire.shutdown}</shutdown>
  <skip default-value="false">${maven.test.skip}</skip>
  <skipAfterFailureCount default-value="0">${surefire.skipAfterFailureCount}</skipAfterFailureCount>
  <skipExec>${maven.test.skip.exec}</skipExec>
  <skipTests default-value="false">${skipTests}</skipTests>
  <suiteXmlFiles>${surefire.suiteXmlFiles}</suiteXmlFiles>
  <systemProperties>
    <property>
      <name>allure.results.directory</name>
      <value>C:\Users\andan\IdeaProjects\TestGroup\target\allure-results</value>
    </property>
  </systemProperties>
  <systemPropertyVariables>
    <allure.results.directory>C:\Users\andan\IdeaProjects\TestGroup\target/allure-results</allure.results.directory>
  </systemPropertyVariables>
  <tempDir default-value="surefire">${tempDir}</tempDir>
  <test>${test}</test>
  <testClassesDirectory default-value="${project.build.testOutputDirectory}"/>
  <testFailureIgnore default-value="false">${maven.test.failure.ignore}</testFailureIgnore>
  <testNGArtifactName default-value="org.testng:testng">${testNGArtifactName}</testNGArtifactName>
  <testSourceDirectory default-value="${project.build.testSourceDirectory}"/>
  <threadCount>${threadCount}</threadCount>
  <threadCountClasses default-value="0">${threadCountClasses}</threadCountClasses>
  <threadCountMethods default-value="0">${threadCountMethods}</threadCountMethods>
  <threadCountSuites default-value="0">${threadCountSuites}</threadCountSuites>
  <trimStackTrace default-value="true">${trimStackTrace}</trimStackTrace>
  <useFile default-value="true">${surefire.useFile}</useFile>
  <useManifestOnlyJar default-value="true">${surefire.useManifestOnlyJar}</useManifestOnlyJar>
  <useSystemClassLoader default-value="true">${surefire.useSystemClassLoader}</useSystemClassLoader>
  <useUnlimitedThreads default-value="false">${useUnlimitedThreads}</useUnlimitedThreads>
  <workingDirectory>${basedir}</workingDirectory>
  <project default-value="${project}"/>
  <session default-value="${session}"/>
</configuration>
[DEBUG] -----------------------------------------------------------------------
[DEBUG] Goal:          org.apache.maven.plugins:maven-jar-plugin:2.4:jar (default-jar)
[DEBUG] Style:         Regular
[DEBUG] Configuration: <?xml version="1.0" encoding="UTF-8"?>
<configuration>
  <classesDirectory default-value="${project.build.outputDirectory}"/>
  <defaultManifestFile default-value="${project.build.outputDirectory}/META-INF/MANIFEST.MF"/>
  <finalName default-value="${project.build.finalName}">${jar.finalName}</finalName>
  <forceCreation default-value="false">${jar.forceCreation}</forceCreation>
  <outputDirectory default-value="${project.build.directory}"/>
  <project default-value="${project}"/>
  <session default-value="${session}"/>
  <skipIfEmpty default-value="false">${jar.skipIfEmpty}</skipIfEmpty>
  <useDefaultManifestFile default-value="false">${jar.useDefaultManifestFile}</useDefaultManifestFile>
</configuration>
[DEBUG] -----------------------------------------------------------------------
[DEBUG] Goal:          org.apache.maven.plugins:maven-install-plugin:2.4:install (default-install)
[DEBUG] Style:         Regular
[DEBUG] Configuration: <?xml version="1.0" encoding="UTF-8"?>
<configuration>
  <artifact default-value="${project.artifact}"/>
  <attachedArtifacts default-value="${project.attachedArtifacts}"/>
  <createChecksum default-value="false">${createChecksum}</createChecksum>
  <localRepository>${localRepository}</localRepository>
  <packaging default-value="${project.packaging}"/>
  <pomFile default-value="${project.file}"/>
  <skip default-value="false">${maven.install.skip}</skip>
  <updateReleaseInfo default-value="false">${updateReleaseInfo}</updateReleaseInfo>
</configuration>
[DEBUG] =======================================================================
[DEBUG] Dependency collection stats: {ConflictMarker.analyzeTime=3516422, ConflictMarker.markTime=963432, ConflictMarker.nodeCount=468, ConflictIdSorter.graphTime=1896145, ConflictIdSorter.topsortTime=772793, ConflictIdSorter.conflictIdCount=120, ConflictIdSorter.conflictIdCycleCount=0, ConflictResolver.totalTime=17623368, ConflictResolver.conflictItemCount=227, DefaultDependencyCollector.collectTime=1023454556, DefaultDependencyCollector.transformTime=26847198}
[DEBUG] TestGroup:TestGroup:jar:1.0-SNAPSHOT
[DEBUG]    org.seleniumhq.selenium:selenium-java:jar:3.141.59:compile
[DEBUG]       org.seleniumhq.selenium:selenium-api:jar:3.141.59:compile
[DEBUG]       org.seleniumhq.selenium:selenium-chrome-driver:jar:3.141.59:compile
[DEBUG]       org.seleniumhq.selenium:selenium-edge-driver:jar:3.141.59:compile
[DEBUG]       org.seleniumhq.selenium:selenium-firefox-driver:jar:3.141.59:compile
[DEBUG]       org.seleniumhq.selenium:selenium-ie-driver:jar:3.141.59:compile
[DEBUG]       org.seleniumhq.selenium:selenium-opera-driver:jar:3.141.59:compile
[DEBUG]       org.seleniumhq.selenium:selenium-remote-driver:jar:3.141.59:compile
[DEBUG]       org.seleniumhq.selenium:selenium-safari-driver:jar:3.141.59:compile
[DEBUG]       org.seleniumhq.selenium:selenium-support:jar:3.141.59:compile
[DEBUG]       net.bytebuddy:byte-buddy:jar:1.8.15:compile
[DEBUG]       org.apache.commons:commons-exec:jar:1.3:compile
[DEBUG]       com.google.guava:guava:jar:25.0-jre:compile
[DEBUG]          com.google.code.findbugs:jsr305:jar:1.3.9:compile
[DEBUG]          org.checkerframework:checker-compat-qual:jar:2.0.0:compile
[DEBUG]          com.google.errorprone:error_prone_annotations:jar:2.1.3:compile
[DEBUG]          com.google.j2objc:j2objc-annotations:jar:1.1:compile
[DEBUG]          org.codehaus.mojo:animal-sniffer-annotations:jar:1.14:compile
[DEBUG]       com.squareup.okhttp3:okhttp:jar:3.11.0:compile
[DEBUG]       com.squareup.okio:okio:jar:1.14.0:compile
[DEBUG]    org.testng:testng:jar:6.14.3:test
[DEBUG]       com.beust:jcommander:jar:1.72:test
[DEBUG]       org.apache-extras.beanshell:bsh:jar:2.0b6:test
[DEBUG]    io.qameta.allure:allure-testng:jar:2.7.0:compile
[DEBUG]       io.qameta.allure:allure-descriptions-javadoc:jar:2.7.0:compile
[DEBUG]          commons-io:commons-io:jar:2.6:compile
[DEBUG]       io.qameta.allure:allure-java-commons:jar:2.7.0:compile
[DEBUG]          io.qameta.allure:allure2-model-api:jar:1.0.0:compile
[DEBUG]             io.qameta.allure:allure2-model-pojo:jar:1.0.0:compile
[DEBUG]                org.apache.tika:tika-core:jar:1.14:compile
[DEBUG]             io.qameta.allure:allure2-model-jackson:jar:1.0.0:compile
[DEBUG]                com.fasterxml.jackson.core:jackson-databind:jar:2.7.0:compile
[DEBUG]                   com.fasterxml.jackson.core:jackson-annotations:jar:2.7.0:compile
[DEBUG]                   com.fasterxml.jackson.core:jackson-core:jar:2.7.0:compile
[DEBUG]                com.fasterxml.jackson.module:jackson-module-jaxb-annotations:jar:2.7.0:compile
[DEBUG]          org.aspectj:aspectjrt:jar:1.9.1:compile
[DEBUG]          org.jooq:joor-java-8:jar:0.9.9:compile
[DEBUG]          org.slf4j:slf4j-api:jar:1.7.25:compile
[DEBUG]    javax.xml.bind:jaxb-api:jar:2.3.0:compile
[DEBUG]    com.opencsv:opencsv:jar:4.1:compile
[DEBUG]       org.apache.commons:commons-lang3:jar:3.6:compile
[DEBUG]       org.apache.commons:commons-text:jar:1.1:compile
[DEBUG]       commons-beanutils:commons-beanutils:jar:1.9.3:compile
[DEBUG]          commons-logging:commons-logging:jar:1.2:compile
[DEBUG]          commons-collections:commons-collections:jar:3.2.2:compile
[DEBUG]    org.apache.maven.plugins:maven-surefire-plugin:jar:2.21.0:compile
[DEBUG]       org.apache.maven.surefire:maven-surefire-common:jar:2.21.0:compile
[DEBUG]          org.apache.maven.plugin-tools:maven-plugin-annotations:jar:3.5:compile
[DEBUG]          org.apache.maven.surefire:surefire-api:jar:2.21.0:compile
[DEBUG]             org.apache.maven.surefire:surefire-logger-api:jar:2.21.0:compile
[DEBUG]          org.apache.maven.surefire:surefire-booter:jar:2.21.0:compile
[DEBUG]          org.apache.maven:maven-plugin-descriptor:jar:2.2.1:compile
[DEBUG]             org.codehaus.plexus:plexus-container-default:jar:1.0-alpha-9-stable-1:compile
[DEBUG]                junit:junit:jar:3.8.1:compile
[DEBUG]                classworlds:classworlds:jar:1.1-alpha-2:compile
[DEBUG]          org.apache.maven:maven-project:jar:2.2.1:compile
[DEBUG]             org.apache.maven:maven-profile:jar:2.2.1:compile
[DEBUG]             org.apache.maven:maven-artifact-manager:jar:2.2.1:compile
[DEBUG]                org.apache.maven.wagon:wagon-provider-api:jar:1.0-beta-6:compile
[DEBUG]                backport-util-concurrent:backport-util-concurrent:jar:3.1:compile
[DEBUG]             org.apache.maven:maven-plugin-registry:jar:2.2.1:compile
[DEBUG]          org.apache.maven:maven-model:jar:2.2.1:compile
[DEBUG]          org.apache.maven:maven-toolchain:jar:2.2.1:compile
[DEBUG]    org.apache.maven.plugins:maven-compiler-plugin:jar:3.7.0:compile
[DEBUG]       org.apache.maven:maven-plugin-api:jar:3.0:compile
[DEBUG]          org.sonatype.sisu:sisu-inject-plexus:jar:1.4.2:compile
[DEBUG]             org.sonatype.sisu:sisu-inject-bean:jar:1.4.2:compile
[DEBUG]                org.sonatype.sisu:sisu-guice:jar:noaop:2.1.7:compile
[DEBUG]       org.apache.maven:maven-artifact:jar:3.0:compile
[DEBUG]          org.codehaus.plexus:plexus-utils:jar:2.0.4:compile
[DEBUG]       org.apache.maven:maven-core:jar:3.0:compile
[DEBUG]          org.apache.maven:maven-settings:jar:3.0:compile
[DEBUG]          org.apache.maven:maven-settings-builder:jar:3.0:compile
[DEBUG]          org.apache.maven:maven-repository-metadata:jar:3.0:compile
[DEBUG]          org.apache.maven:maven-model-builder:jar:3.0:compile
[DEBUG]          org.apache.maven:maven-aether-provider:jar:3.0:runtime
[DEBUG]          org.sonatype.aether:aether-impl:jar:1.7:compile
[DEBUG]             org.sonatype.aether:aether-spi:jar:1.7:compile
[DEBUG]          org.sonatype.aether:aether-api:jar:1.7:compile
[DEBUG]          org.sonatype.aether:aether-util:jar:1.7:compile
[DEBUG]          org.codehaus.plexus:plexus-interpolation:jar:1.14:compile
[DEBUG]          org.codehaus.plexus:plexus-classworlds:jar:2.2.3:compile
[DEBUG]          org.codehaus.plexus:plexus-component-annotations:jar:1.5.5:compile
[DEBUG]          org.sonatype.plexus:plexus-sec-dispatcher:jar:1.3:compile
[DEBUG]             org.sonatype.plexus:plexus-cipher:jar:1.4:compile
[DEBUG]       org.apache.maven.shared:maven-shared-utils:jar:3.1.0:compile
[DEBUG]       org.apache.maven.shared:maven-shared-incremental:jar:1.1:compile
[DEBUG]       org.codehaus.plexus:plexus-java:jar:0.9.2:compile
[DEBUG]          org.ow2.asm:asm:jar:6.0_BETA:compile
[DEBUG]          com.thoughtworks.qdox:qdox:jar:2.0-M7:compile
[DEBUG]       org.codehaus.plexus:plexus-compiler-api:jar:2.8.2:compile
[DEBUG]       org.codehaus.plexus:plexus-compiler-manager:jar:2.8.2:compile
[DEBUG]       org.codehaus.plexus:plexus-compiler-javac:jar:2.8.2:runtime
[DEBUG]    log4j:log4j:jar:1.2.17:compile
[INFO] 
[INFO] --- maven-resources-plugin:2.6:resources (default-resources) @ TestGroup ---
[DEBUG] Dependency collection stats: {ConflictMarker.analyzeTime=219250, ConflictMarker.markTime=67461, ConflictMarker.nodeCount=77, ConflictIdSorter.graphTime=145162, ConflictIdSorter.topsortTime=47886, ConflictIdSorter.conflictIdCount=26, ConflictIdSorter.conflictIdCycleCount=0, ConflictResolver.totalTime=1210087, ConflictResolver.conflictItemCount=74, DefaultDependencyCollector.collectTime=117679957, DefaultDependencyCollector.transformTime=1765740}
[DEBUG] org.apache.maven.plugins:maven-resources-plugin:jar:2.6:
[DEBUG]    org.apache.maven:maven-plugin-api:jar:2.0.6:compile
[DEBUG]    org.apache.maven:maven-project:jar:2.0.6:compile
[DEBUG]       org.apache.maven:maven-profile:jar:2.0.6:compile
[DEBUG]       org.apache.maven:maven-artifact-manager:jar:2.0.6:compile
[DEBUG]       org.apache.maven:maven-plugin-registry:jar:2.0.6:compile
[DEBUG]    org.apache.maven:maven-core:jar:2.0.6:compile
[DEBUG]       org.apache.maven:maven-plugin-parameter-documenter:jar:2.0.6:compile
[DEBUG]       org.apache.maven.reporting:maven-reporting-api:jar:2.0.6:compile
[DEBUG]          org.apache.maven.doxia:doxia-sink-api:jar:1.0-alpha-7:compile
[DEBUG]       org.apache.maven:maven-repository-metadata:jar:2.0.6:compile
[DEBUG]       org.apache.maven:maven-error-diagnostics:jar:2.0.6:compile
[DEBUG]       commons-cli:commons-cli:jar:1.0:compile
[DEBUG]       org.apache.maven:maven-plugin-descriptor:jar:2.0.6:compile
[DEBUG]       org.codehaus.plexus:plexus-interactivity-api:jar:1.0-alpha-4:compile
[DEBUG]       classworlds:classworlds:jar:1.1:compile
[DEBUG]    org.apache.maven:maven-artifact:jar:2.0.6:compile
[DEBUG]    org.apache.maven:maven-settings:jar:2.0.6:compile
[DEBUG]    org.apache.maven:maven-model:jar:2.0.6:compile
[DEBUG]    org.apache.maven:maven-monitor:jar:2.0.6:compile
[DEBUG]    org.codehaus.plexus:plexus-container-default:jar:1.0-alpha-9-stable-1:compile
[DEBUG]       junit:junit:jar:3.8.1:compile
[DEBUG]    org.codehaus.plexus:plexus-utils:jar:2.0.5:compile
[DEBUG]    org.apache.maven.shared:maven-filtering:jar:1.1:compile
[DEBUG]       org.sonatype.plexus:plexus-build-api:jar:0.0.4:compile
[DEBUG]    org.codehaus.plexus:plexus-interpolation:jar:1.13:compile
[DEBUG] Created new class realm plugin>org.apache.maven.plugins:maven-resources-plugin:2.6
[DEBUG] Importing foreign packages into class realm plugin>org.apache.maven.plugins:maven-resources-plugin:2.6
[DEBUG]   Imported:  < maven.api
[DEBUG] Populating class realm plugin>org.apache.maven.plugins:maven-resources-plugin:2.6
[DEBUG]   Included: org.apache.maven.plugins:maven-resources-plugin:jar:2.6
[DEBUG]   Included: org.apache.maven.reporting:maven-reporting-api:jar:2.0.6
[DEBUG]   Included: org.apache.maven.doxia:doxia-sink-api:jar:1.0-alpha-7
[DEBUG]   Included: commons-cli:commons-cli:jar:1.0
[DEBUG]   Included: org.codehaus.plexus:plexus-interactivity-api:jar:1.0-alpha-4
[DEBUG]   Included: junit:junit:jar:3.8.1
[DEBUG]   Included: org.codehaus.plexus:plexus-utils:jar:2.0.5
[DEBUG]   Included: org.apache.maven.shared:maven-filtering:jar:1.1
[DEBUG]   Included: org.sonatype.plexus:plexus-build-api:jar:0.0.4
[DEBUG]   Included: org.codehaus.plexus:plexus-interpolation:jar:1.13
[DEBUG] Configuring mojo org.apache.maven.plugins:maven-resources-plugin:2.6:resources from plugin realm ClassRealm[plugin>org.apache.maven.plugins:maven-resources-plugin:2.6, parent: jdk.internal.loader.ClassLoaders$AppClassLoader@73d16e93]
[DEBUG] Configuring mojo 'org.apache.maven.plugins:maven-resources-plugin:2.6:resources' with basic configurator -->
[DEBUG]   (f) buildFilters = []
[DEBUG]   (f) escapeWindowsPaths = true
[DEBUG]   (s) includeEmptyDirs = false
[DEBUG]   (s) outputDirectory = C:\Users\andan\IdeaProjects\TestGroup\target\classes
[DEBUG]   (s) overwrite = false
[DEBUG]   (f) project = MavenProject: TestGroup:TestGroup:1.0-SNAPSHOT @ C:\Users\andan\IdeaProjects\TestGroup\pom.xml
[DEBUG]   (s) resources = [Resource {targetPath: null, filtering: false, FileSet {directory: C:\Users\andan\IdeaProjects\TestGroup\src\main\resources, PatternSet [includes: {}, excludes: {}]}}]
[DEBUG]   (f) session = org.apache.maven.execution.MavenSession@732c9b5c
[DEBUG]   (f) supportMultiLineFiltering = false
[DEBUG]   (f) useBuildFilters = true
[DEBUG]   (s) useDefaultDelimiters = true
[DEBUG] -- end configuration --
[DEBUG] properties used {env.NUMBER_OF_PROCESSORS=8, env.USERPROFILE=C:\Users\andan, java.specification.version=12, sun.cpu.isalist=amd64, sun.arch.data.model=64, env.PROGRAMW6432=C:\Program Files, java.vendor.url=https://java.oracle.com/, env.OS=Windows_NT, sun.boot.library.path=C:\Program Files\Java\jdk-12.0.1\bin, sun.java.command=org.codehaus.plexus.classworlds.launcher.Launcher -X install, env.SYSTEMROOT=C:\WINDOWS, jdk.debug=release, maven.version=3.6.1, java.specification.vendor=Oracle Corporation, java.version.date=2019-04-16, java.home=C:\Program Files\Java\jdk-12.0.1, java.vm.specification.vendor=Oracle Corporation, java.specification.name=Java Platform API Specification, env.LOCALAPPDATA=C:\Users\andan\AppData\Local, env.USERDOMAIN_ROAMINGPROFILE=DESKTOP-9F3MII9, user.script=, sun.management.compiler=HotSpot 64-Bit Tiered Compilers, java.runtime.version=12.0.1+12, env.PATH=C:\WINDOWS\system32;C:\WINDOWS;C:\WINDOWS\System32\Wbem;C:\WINDOWS\System32\WindowsPowerShell\v1.0\;C:\WINDOWS\System32\OpenSSH\;C:\Program Files\Git\cmd;C:\Program Files\OpenVPN\bin;C:\Program Files\PuTTY\;C:\Users\Public\apache-maven-3.6.1\bin;C:\Program Files\Java\jdk-12.0.1\bin;H:\Program Files\Katalon_Studio_Windows_64-5.4.2\configuration\resources\update\5.5.0\extract\resources\drivers\chromedriver_win32\;C:\Users\Public\allure-2.7.0\bin;C:\Users\andan\AppData\Local\Microsoft\WindowsApps;C:\Program Files\JetBrains\IntelliJ IDEA 2019.1.1\bin;;H:\Program Files\Katalon_Studio_Windows_64-5.4.2\configuration\resources\update\5.5.0\extract\resources\drivers\chromedriver_win32\;, env.PUBLIC=C:\Users\Public, env.EXEC_DIR=C:\Users\andan\IdeaProjects\TestGroup, env.COMMONPROGRAMW6432=C:\Program Files\Common Files, file.encoding=Cp1251, env.COMPUTERNAME=DESKTOP-9F3MII9, env.HOMEPATH=\Users\andan, env.APPDATA=C:\Users\andan\AppData\Roaming, java.io.tmpdir=C:\Users\andan\AppData\Local\Temp\, java.version=12.0.1, java.vm.specification.name=Java Virtual Machine Specification, java.library.path=C:\Program Files\Java\jdk-12.0.1\bin;C:\WINDOWS\Sun\Java\bin;C:\WINDOWS\system32;C:\WINDOWS;C:\WINDOWS\system32;C:\WINDOWS;C:\WINDOWS\System32\Wbem;C:\WINDOWS\System32\WindowsPowerShell\v1.0\;C:\WINDOWS\System32\OpenSSH\;C:\Program Files\Git\cmd;C:\Program Files\OpenVPN\bin;C:\Program Files\PuTTY\;C:\Users\Public\apache-maven-3.6.1\bin;C:\Program Files\Java\jdk-12.0.1\bin;H:\Program Files\Katalon_Studio_Windows_64-5.4.2\configuration\resources\update\5.5.0\extract\resources\drivers\chromedriver_win32\;C:\Users\Public\allure-2.7.0\bin;C:\Users\andan\AppData\Local\Microsoft\WindowsApps;C:\Program Files\JetBrains\IntelliJ IDEA 2019.1.1\bin;;H:\Program Files\Katalon_Studio_Windows_64-5.4.2\configuration\resources\update\5.5.0\extract\resources\drivers\chromedriver_win32\;;., java.vendor=Oracle Corporation, env.ERROR_CODE=0, classworlds.conf=C:\Users\Public\apache-maven-3.6.1\bin\..\bin\m2.conf, sun.io.unicode.encoding=UnicodeLittle, sun.desktop=windows, java.vm.specification.version=12, os.name=Windows 10, env.=::=::\, user.home=C:\Users\andan, env.ALLUSERSPROFILE=C:\ProgramData, env.SESSIONNAME=Console, java.awt.graphicsenv=sun.awt.Win32GraphicsEnvironment, path.separator=;, os.version=10.0, env.CLASSWORLDS_LAUNCHER=org.codehaus.plexus.classworlds.launcher.Launcher, env.PATHEXT=.COM;.EXE;.BAT;.CMD;.VBS;.VBE;.JS;.JSE;.WSF;.WSH;.MSC, java.vm.name=Java HotSpot(TM) 64-Bit Server VM, env.USERNAME=andan, os.arch=amd64, maven.multiModuleProjectDirectory=C:\Users\andan\IdeaProjects\TestGroup, env.MAVEN_PROJECTBASEDIR=C:\Users\andan\IdeaProjects\TestGroup, java.vm.info=mixed mode, sharing, env.FPS_BROWSER_USER_PROFILE_STRING=Default, env.TEMP=C:\Users\andan\AppData\Local\Temp, java.class.version=56.0, awt.toolkit=sun.awt.windows.WToolkit, env.ONEDRIVE=C:\Users\andan\OneDrive, sun.jnu.encoding=Cp1251, env.TERMINAL_EMULATOR=JetBrains-JediTerm, env.FPS_BROWSER_APP_PROFILE_STRING=Internet Explorer, maven.build.version=Apache Maven 3.6.1 (d66c9c0b3152b2e69ee9bac180bb8fcc8e6af555; 2019-04-04T22:00:29+03:00), maven.home=C:\Users\Public\apache-maven-3.6.1\bin\.., sun.stderr.encoding=cp866, env.JAVA_HOME=C:\Program Files\Java\jdk-12.0.1\, env.PROGRAMFILES=C:\Program Files, file.separator=\, java.vm.compressedOopsMode=32-bit, env.CLASSWORLDS_JAR="C:\Users\Public\apache-maven-3.6.1\bin\..\boot\plexus-classworlds-2.6.0.jar", line.separator=
, env.PROMPT=$P$G, env.PROCESSOR_REVISION=0200, env.PROCESSOR_IDENTIFIER=AMD64 Family 21 Model 2 Stepping 0, AuthenticAMD, env.PROGRAMDATA=C:\ProgramData, user.name=andan, env.DRIVERDATA=C:\Windows\System32\Drivers\DriverData, aspectj.version=1.8.10, env.SYSTEMDRIVE=C:, env.JVMCONFIG=\.mvn\jvm.config, env.PROGRAMFILES(X86)=C:\Program Files (x86), env.PROCESSOR_LEVEL=21, env.HOMEDRIVE=C:, env.PSMODULEPATH=C:\Program Files\WindowsPowerShell\Modules;C:\WINDOWS\system32\WindowsPowerShell\v1.0\Modules, env.TMP=C:\Users\andan\AppData\Local\Temp, sun.os.patch.level=, env.LOGONSERVER=\\DESKTOP-9F3MII9, library.jansi.path=C:\Users\Public\apache-maven-3.6.1\bin\..\lib\jansi-native, env.WINDIR=C:\WINDOWS, env.MOZ_PLUGIN_PATH=C:\Program Files (x86)\Foxit Software\Foxit Reader\plugins\, java.class.path=C:\Users\Public\apache-maven-3.6.1\bin\..\boot\plexus-classworlds-2.6.0.jar, java.vm.vendor=Oracle Corporation, env.PROCESSOR_ARCHITECTURE=AMD64, user.variant=, env.COMMONPROGRAMFILES=C:\Program Files\Common Files, env.__INTELLIJ_COMMAND_HISTFILE__=C:\Users\andan\.IntelliJIdea2019.1\config\terminal\history\history-, maven.conf=C:\Users\Public\apache-maven-3.6.1\bin\../conf, sun.java.launcher=SUN_STANDARD, user.country=RU, env.USERDOMAIN=DESKTOP-9F3MII9, env.COMSPEC=C:\WINDOWS\system32\cmd.exe, sun.cpu.endian=little, user.language=ru, env.JAVACMD=C:\Program Files\Java\jdk-12.0.1\\bin\java.exe, maven-surefire-plugin.version=2.20.1, allure-testng.version=2.7.0, env.MAVEN_HOME=C:\Users\Public\apache-maven-3.6.1\bin\.., env.INTELLIJ IDEA=C:\Program Files\JetBrains\IntelliJ IDEA 2019.1.1\bin;, env.WDIR=C:\, env.=C:=C:\Users\andan\IdeaProjects\TestGroup, java.runtime.name=Java(TM) SE Runtime Environment, env.COMMONPROGRAMFILES(X86)=C:\Program Files (x86)\Common Files, env.MAVEN_CMD_LINE_ARGS=-X install, java.vendor.url.bug=https://bugreport.java.com/bugreport/, user.dir=C:\Users\andan\IdeaProjects\TestGroup, java.vm.version=12.0.1+12}
[WARNING] Using platform encoding (Cp1251 actually) to copy filtered resources, i.e. build is platform dependent!
[DEBUG] resource with targetPath null
directory C:\Users\andan\IdeaProjects\TestGroup\src\main\resources
excludes []
includes []
[DEBUG] ignoreDelta true
[INFO] Copying 1 resource
[DEBUG] file log4j.properties has a filtered file extension
[DEBUG] copy C:\Users\andan\IdeaProjects\TestGroup\src\main\resources\log4j.properties to C:\Users\andan\IdeaProjects\TestGroup\target\classes\log4j.properties
[DEBUG] no use filter components
[INFO] 
[INFO] --- maven-compiler-plugin:3.1:compile (default-compile) @ TestGroup ---
[DEBUG] Dependency collection stats: {ConflictMarker.analyzeTime=330681, ConflictMarker.markTime=149379, ConflictMarker.nodeCount=160, ConflictIdSorter.graphTime=83724, ConflictIdSorter.topsortTime=82520, ConflictIdSorter.conflictIdCount=43, ConflictIdSorter.conflictIdCycleCount=0, ConflictResolver.totalTime=2228934, ConflictResolver.conflictItemCount=63, DefaultDependencyCollector.collectTime=135507214, DefaultDependencyCollector.transformTime=2902042}
[DEBUG] org.apache.maven.plugins:maven-compiler-plugin:jar:3.1:
[DEBUG]    org.apache.maven:maven-plugin-api:jar:2.0.9:compile
[DEBUG]    org.apache.maven:maven-artifact:jar:2.0.9:compile
[DEBUG]       org.codehaus.plexus:plexus-utils:jar:1.5.1:compile
[DEBUG]    org.apache.maven:maven-core:jar:2.0.9:compile
[DEBUG]       org.apache.maven:maven-settings:jar:2.0.9:compile
[DEBUG]       org.apache.maven:maven-plugin-parameter-documenter:jar:2.0.9:compile
[DEBUG]       org.apache.maven:maven-profile:jar:2.0.9:compile
[DEBUG]       org.apache.maven:maven-model:jar:2.0.9:compile
[DEBUG]       org.apache.maven:maven-repository-metadata:jar:2.0.9:compile
[DEBUG]       org.apache.maven:maven-error-diagnostics:jar:2.0.9:compile
[DEBUG]       org.apache.maven:maven-project:jar:2.0.9:compile
[DEBUG]          org.apache.maven:maven-plugin-registry:jar:2.0.9:compile
[DEBUG]       org.apache.maven:maven-plugin-descriptor:jar:2.0.9:compile
[DEBUG]       org.apache.maven:maven-artifact-manager:jar:2.0.9:compile
[DEBUG]       org.apache.maven:maven-monitor:jar:2.0.9:compile
[DEBUG]    org.apache.maven:maven-toolchain:jar:1.0:compile
[DEBUG]    org.apache.maven.shared:maven-shared-utils:jar:0.1:compile
[DEBUG]       com.google.code.findbugs:jsr305:jar:2.0.1:compile
[DEBUG]    org.apache.maven.shared:maven-shared-incremental:jar:1.1:compile
[DEBUG]       org.codehaus.plexus:plexus-component-annotations:jar:1.5.5:compile
[DEBUG]    org.codehaus.plexus:plexus-compiler-api:jar:2.2:compile
[DEBUG]    org.codehaus.plexus:plexus-compiler-manager:jar:2.2:compile
[DEBUG]    org.codehaus.plexus:plexus-compiler-javac:jar:2.2:runtime
[DEBUG]    org.codehaus.plexus:plexus-container-default:jar:1.5.5:compile
[DEBUG]       org.codehaus.plexus:plexus-classworlds:jar:2.2.2:compile
[DEBUG]       org.apache.xbean:xbean-reflect:jar:3.4:compile
[DEBUG]          log4j:log4j:jar:1.2.12:compile
[DEBUG]          commons-logging:commons-logging-api:jar:1.1:compile
[DEBUG]       com.google.collections:google-collections:jar:1.0:compile
[DEBUG]       junit:junit:jar:3.8.2:compile
[DEBUG] Created new class realm plugin>org.apache.maven.plugins:maven-compiler-plugin:3.1
[DEBUG] Importing foreign packages into class realm plugin>org.apache.maven.plugins:maven-compiler-plugin:3.1
[DEBUG]   Imported:  < maven.api
[DEBUG] Populating class realm plugin>org.apache.maven.plugins:maven-compiler-plugin:3.1
[DEBUG]   Included: org.apache.maven.plugins:maven-compiler-plugin:jar:3.1
[DEBUG]   Included: org.codehaus.plexus:plexus-utils:jar:1.5.1
[DEBUG]   Included: org.apache.maven.shared:maven-shared-utils:jar:0.1
[DEBUG]   Included: com.google.code.findbugs:jsr305:jar:2.0.1
[DEBUG]   Included: org.apache.maven.shared:maven-shared-incremental:jar:1.1
[DEBUG]   Included: org.codehaus.plexus:plexus-component-annotations:jar:1.5.5
[DEBUG]   Included: org.codehaus.plexus:plexus-compiler-api:jar:2.2
[DEBUG]   Included: org.codehaus.plexus:plexus-compiler-manager:jar:2.2
[DEBUG]   Included: org.codehaus.plexus:plexus-compiler-javac:jar:2.2
[DEBUG]   Included: org.apache.xbean:xbean-reflect:jar:3.4
[DEBUG]   Included: log4j:log4j:jar:1.2.12
[DEBUG]   Included: commons-logging:commons-logging-api:jar:1.1
[DEBUG]   Included: com.google.collections:google-collections:jar:1.0
[DEBUG]   Included: junit:junit:jar:3.8.2
[DEBUG] Configuring mojo org.apache.maven.plugins:maven-compiler-plugin:3.1:compile from plugin realm ClassRealm[plugin>org.apache.maven.plugins:maven-compiler-plugin:3.1, parent: jdk.internal.loader.ClassLoaders$AppClassLoader@73d16e93]
[DEBUG] Configuring mojo 'org.apache.maven.plugins:maven-compiler-plugin:3.1:compile' with basic configurator -->
[DEBUG]   (f) basedir = C:\Users\andan\IdeaProjects\TestGroup
[DEBUG]   (f) buildDirectory = C:\Users\andan\IdeaProjects\TestGroup\target
[DEBUG]   (f) classpathElements = [C:\Users\andan\IdeaProjects\TestGroup\target\classes, C:\Users\andan\.m2\repository\org\seleniumhq\selenium\selenium-java\3.141.59\selenium-java-3.141.59.jar, C:\Users\andan\.m2\repository\org\seleniumhq\selenium\selenium-api\3.141.59\selenium-api-3.141.59.jar, C:\Users\andan\.m2\repository\org\seleniumhq\selenium\selenium-chrome-driver\3.141.59\selenium-chrome-driver-3.141.59.jar, C:\Users\andan\.m2\repository\org\seleniumhq\selenium\selenium-edge-driver\3.141.59\selenium-edge-driver-3.141.59.jar, C:\Users\andan\.m2\repository\org\seleniumhq\selenium\selenium-firefox-driver\3.141.59\selenium-firefox-driver-3.141.59.jar, C:\Users\andan\.m2\repository\org\seleniumhq\selenium\selenium-ie-driver\3.141.59\selenium-ie-driver-3.141.59.jar, C:\Users\andan\.m2\repository\org\seleniumhq\selenium\selenium-opera-driver\3.141.59\selenium-opera-driver-3.141.59.jar, C:\Users\andan\.m2\repository\org\seleniumhq\selenium\selenium-remote-driver\3.141.59\selenium-remote-driver-3.141.59.jar, C:\Users\andan\.m2\repository\org\seleniumhq\selenium\selenium-safari-driver\3.141.59\selenium-safari-driver-3.141.59.jar, C:\Users\andan\.m2\repository\org\seleniumhq\selenium\selenium-support\3.141.59\selenium-support-3.141.59.jar, C:\Users\andan\.m2\repository\net\bytebuddy\byte-buddy\1.8.15\byte-buddy-1.8.15.jar, C:\Users\andan\.m2\repository\org\apache\commons\commons-exec\1.3\commons-exec-1.3.jar, C:\Users\andan\.m2\repository\com\google\guava\guava\25.0-jre\guava-25.0-jre.jar, C:\Users\andan\.m2\repository\com\google\code\findbugs\jsr305\1.3.9\jsr305-1.3.9.jar, C:\Users\andan\.m2\repository\org\checkerframework\checker-compat-qual\2.0.0\checker-compat-qual-2.0.0.jar, C:\Users\andan\.m2\repository\com\google\errorprone\error_prone_annotations\2.1.3\error_prone_annotations-2.1.3.jar, C:\Users\andan\.m2\repository\com\google\j2objc\j2objc-annotations\1.1\j2objc-annotations-1.1.jar, C:\Users\andan\.m2\repository\org\codehaus\mojo\animal-sniffer-annotations\1.14\animal-sniffer-annotations-1.14.jar, C:\Users\andan\.m2\repository\com\squareup\okhttp3\okhttp\3.11.0\okhttp-3.11.0.jar, C:\Users\andan\.m2\repository\com\squareup\okio\okio\1.14.0\okio-1.14.0.jar, C:\Users\andan\.m2\repository\io\qameta\allure\allure-testng\2.7.0\allure-testng-2.7.0.jar, C:\Users\andan\.m2\repository\io\qameta\allure\allure-descriptions-javadoc\2.7.0\allure-descriptions-javadoc-2.7.0.jar, C:\Users\andan\.m2\repository\commons-io\commons-io\2.6\commons-io-2.6.jar, C:\Users\andan\.m2\repository\io\qameta\allure\allure-java-commons\2.7.0\allure-java-commons-2.7.0.jar, C:\Users\andan\.m2\repository\io\qameta\allure\allure2-model-api\1.0.0\allure2-model-api-1.0.0.jar, C:\Users\andan\.m2\repository\io\qameta\allure\allure2-model-pojo\1.0.0\allure2-model-pojo-1.0.0.jar, C:\Users\andan\.m2\repository\org\apache\tika\tika-core\1.14\tika-core-1.14.jar, C:\Users\andan\.m2\repository\io\qameta\allure\allure2-model-jackson\1.0.0\allure2-model-jackson-1.0.0.jar, C:\Users\andan\.m2\repository\com\fasterxml\jackson\core\jackson-databind\2.7.0\jackson-databind-2.7.0.jar, C:\Users\andan\.m2\repository\com\fasterxml\jackson\core\jackson-annotations\2.7.0\jackson-annotations-2.7.0.jar, C:\Users\andan\.m2\repository\com\fasterxml\jackson\core\jackson-core\2.7.0\jackson-core-2.7.0.jar, C:\Users\andan\.m2\repository\com\fasterxml\jackson\module\jackson-module-jaxb-annotations\2.7.0\jackson-module-jaxb-annotations-2.7.0.jar, C:\Users\andan\.m2\repository\org\aspectj\aspectjrt\1.9.1\aspectjrt-1.9.1.jar, C:\Users\andan\.m2\repository\org\jooq\joor-java-8\0.9.9\joor-java-8-0.9.9.jar, C:\Users\andan\.m2\repository\org\slf4j\slf4j-api\1.7.25\slf4j-api-1.7.25.jar, C:\Users\andan\.m2\repository\javax\xml\bind\jaxb-api\2.3.0\jaxb-api-2.3.0.jar, C:\Users\andan\.m2\repository\com\opencsv\opencsv\4.1\opencsv-4.1.jar, C:\Users\andan\.m2\repository\org\apache\commons\commons-lang3\3.6\commons-lang3-3.6.jar, C:\Users\andan\.m2\repository\org\apache\commons\commons-text\1.1\commons-text-1.1.jar, C:\Users\andan\.m2\repository\commons-beanutils\commons-beanutils\1.9.3\commons-beanutils-1.9.3.jar, C:\Users\andan\.m2\repository\commons-logging\commons-logging\1.2\commons-logging-1.2.jar, C:\Users\andan\.m2\repository\commons-collections\commons-collections\3.2.2\commons-collections-3.2.2.jar, C:\Users\andan\.m2\repository\org\apache\maven\plugins\maven-surefire-plugin\2.21.0\maven-surefire-plugin-2.21.0.jar, C:\Users\andan\.m2\repository\org\apache\maven\surefire\maven-surefire-common\2.21.0\maven-surefire-common-2.21.0.jar, C:\Users\andan\.m2\repository\org\apache\maven\plugin-tools\maven-plugin-annotations\3.5\maven-plugin-annotations-3.5.jar, C:\Users\andan\.m2\repository\org\apache\maven\surefire\surefire-api\2.21.0\surefire-api-2.21.0.jar, C:\Users\andan\.m2\repository\org\apache\maven\surefire\surefire-logger-api\2.21.0\surefire-logger-api-2.21.0.jar, C:\Users\andan\.m2\repository\org\apache\maven\surefire\surefire-booter\2.21.0\surefire-booter-2.21.0.jar, C:\Users\andan\.m2\repository\org\apache\maven\maven-plugin-descriptor\2.2.1\maven-plugin-descriptor-2.2.1.jar, C:\Users\andan\.m2\repository\org\codehaus\plexus\plexus-container-default\1.0-alpha-9-stable-1\plexus-container-default-1.0-alpha-9-stable-1.jar, C:\Users\andan\.m2\repository\junit\junit\3.8.1\junit-3.8.1.jar, C:\Users\andan\.m2\repository\classworlds\classworlds\1.1-alpha-2\classworlds-1.1-alpha-2.jar, C:\Users\andan\.m2\repository\org\apache\maven\maven-project\2.2.1\maven-project-2.2.1.jar, C:\Users\andan\.m2\repository\org\apache\maven\maven-profile\2.2.1\maven-profile-2.2.1.jar, C:\Users\andan\.m2\repository\org\apache\maven\maven-artifact-manager\2.2.1\maven-artifact-manager-2.2.1.jar, C:\Users\andan\.m2\repository\org\apache\maven\wagon\wagon-provider-api\1.0-beta-6\wagon-provider-api-1.0-beta-6.jar, C:\Users\andan\.m2\repository\backport-util-concurrent\backport-util-concurrent\3.1\backport-util-concurrent-3.1.jar, C:\Users\andan\.m2\repository\org\apache\maven\maven-plugin-registry\2.2.1\maven-plugin-registry-2.2.1.jar, C:\Users\andan\.m2\repository\org\apache\maven\maven-model\2.2.1\maven-model-2.2.1.jar, C:\Users\andan\.m2\repository\org\apache\maven\maven-toolchain\2.2.1\maven-toolchain-2.2.1.jar, C:\Users\andan\.m2\repository\org\apache\maven\plugins\maven-compiler-plugin\3.7.0\maven-compiler-plugin-3.7.0.jar, C:\Users\andan\.m2\repository\org\apache\maven\maven-plugin-api\3.0\maven-plugin-api-3.0.jar, C:\Users\andan\.m2\repository\org\sonatype\sisu\sisu-inject-plexus\1.4.2\sisu-inject-plexus-1.4.2.jar, C:\Users\andan\.m2\repository\org\sonatype\sisu\sisu-inject-bean\1.4.2\sisu-inject-bean-1.4.2.jar, C:\Users\andan\.m2\repository\org\sonatype\sisu\sisu-guice\2.1.7\sisu-guice-2.1.7-noaop.jar, C:\Users\andan\.m2\repository\org\apache\maven\maven-artifact\3.0\maven-artifact-3.0.jar, C:\Users\andan\.m2\repository\org\codehaus\plexus\plexus-utils\2.0.4\plexus-utils-2.0.4.jar, C:\Users\andan\.m2\repository\org\apache\maven\maven-core\3.0\maven-core-3.0.jar, C:\Users\andan\.m2\repository\org\apache\maven\maven-settings\3.0\maven-settings-3.0.jar, C:\Users\andan\.m2\repository\org\apache\maven\maven-settings-builder\3.0\maven-settings-builder-3.0.jar, C:\Users\andan\.m2\repository\org\apache\maven\maven-repository-metadata\3.0\maven-repository-metadata-3.0.jar, C:\Users\andan\.m2\repository\org\apache\maven\maven-model-builder\3.0\maven-model-builder-3.0.jar, C:\Users\andan\.m2\repository\org\sonatype\aether\aether-impl\1.7\aether-impl-1.7.jar, C:\Users\andan\.m2\repository\org\sonatype\aether\aether-spi\1.7\aether-spi-1.7.jar, C:\Users\andan\.m2\repository\org\sonatype\aether\aether-api\1.7\aether-api-1.7.jar, C:\Users\andan\.m2\repository\org\sonatype\aether\aether-util\1.7\aether-util-1.7.jar, C:\Users\andan\.m2\repository\org\codehaus\plexus\plexus-interpolation\1.14\plexus-interpolation-1.14.jar, C:\Users\andan\.m2\repository\org\codehaus\plexus\plexus-classworlds\2.2.3\plexus-classworlds-2.2.3.jar, C:\Users\andan\.m2\repository\org\codehaus\plexus\plexus-component-annotations\1.5.5\plexus-component-annotations-1.5.5.jar, C:\Users\andan\.m2\repository\org\sonatype\plexus\plexus-sec-dispatcher\1.3\plexus-sec-dispatcher-1.3.jar, C:\Users\andan\.m2\repository\org\sonatype\plexus\plexus-cipher\1.4\plexus-cipher-1.4.jar, C:\Users\andan\.m2\repository\org\apache\maven\shared\maven-shared-utils\3.1.0\maven-shared-utils-3.1.0.jar, C:\Users\andan\.m2\repository\org\apache\maven\shared\maven-shared-incremental\1.1\maven-shared-incremental-1.1.jar, C:\Users\andan\.m2\repository\org\codehaus\plexus\plexus-java\0.9.2\plexus-java-0.9.2.jar, C:\Users\andan\.m2\repository\org\ow2\asm\asm\6.0_BETA\asm-6.0_BETA.jar, C:\Users\andan\.m2\repository\com\thoughtworks\qdox\qdox\2.0-M7\qdox-2.0-M7.jar, C:\Users\andan\.m2\repository\org\codehaus\plexus\plexus-compiler-api\2.8.2\plexus-compiler-api-2.8.2.jar, C:\Users\andan\.m2\repository\org\codehaus\plexus\plexus-compiler-manager\2.8.2\plexus-compiler-manager-2.8.2.jar, C:\Users\andan\.m2\repository\log4j\log4j\1.2.17\log4j-1.2.17.jar]
[DEBUG]   (f) compileSourceRoots = [C:\Users\andan\IdeaProjects\TestGroup\src\main\java]
[DEBUG]   (f) compilerId = javac
[DEBUG]   (f) debug = true
[DEBUG]   (f) failOnError = true
[DEBUG]   (f) forceJavacCompilerUse = false
[DEBUG]   (f) fork = false
[DEBUG]   (f) generatedSourcesDirectory = C:\Users\andan\IdeaProjects\TestGroup\target\generated-sources\annotations
[DEBUG]   (f) mojoExecution = org.apache.maven.plugins:maven-compiler-plugin:3.1:compile {execution: default-compile}
[DEBUG]   (f) optimize = false
[DEBUG]   (f) outputDirectory = C:\Users\andan\IdeaProjects\TestGroup\target\classes
[DEBUG]   (f) projectArtifact = TestGroup:TestGroup:jar:1.0-SNAPSHOT
[DEBUG]   (f) showDeprecation = false
[DEBUG]   (f) showWarnings = false
[DEBUG]   (f) skipMultiThreadWarning = false
[DEBUG]   (f) source = 8
[DEBUG]   (f) staleMillis = 0
[DEBUG]   (f) target = 8
[DEBUG]   (f) useIncrementalCompilation = true
[DEBUG]   (f) verbose = false
[DEBUG]   (f) mavenSession = org.apache.maven.execution.MavenSession@732c9b5c
[DEBUG]   (f) session = org.apache.maven.execution.MavenSession@732c9b5c
[DEBUG] -- end configuration --
[DEBUG] Using compiler 'javac'.
[DEBUG] Source directories: [C:\Users\andan\IdeaProjects\TestGroup\src\main\java]
[DEBUG] Classpath: [C:\Users\andan\IdeaProjects\TestGroup\target\classes
 C:\Users\andan\.m2\repository\org\seleniumhq\selenium\selenium-java\3.141.59\selenium-java-3.141.59.jar
 C:\Users\andan\.m2\repository\org\seleniumhq\selenium\selenium-api\3.141.59\selenium-api-3.141.59.jar
 C:\Users\andan\.m2\repository\org\seleniumhq\selenium\selenium-chrome-driver\3.141.59\selenium-chrome-driver-3.141.59.jar
 C:\Users\andan\.m2\repository\org\seleniumhq\selenium\selenium-edge-driver\3.141.59\selenium-edge-driver-3.141.59.jar
 C:\Users\andan\.m2\repository\org\seleniumhq\selenium\selenium-firefox-driver\3.141.59\selenium-firefox-driver-3.141.59.jar
 C:\Users\andan\.m2\repository\org\seleniumhq\selenium\selenium-ie-driver\3.141.59\selenium-ie-driver-3.141.59.jar
 C:\Users\andan\.m2\repository\org\seleniumhq\selenium\selenium-opera-driver\3.141.59\selenium-opera-driver-3.141.59.jar
 C:\Users\andan\.m2\repository\org\seleniumhq\selenium\selenium-remote-driver\3.141.59\selenium-remote-driver-3.141.59.jar
 C:\Users\andan\.m2\repository\org\seleniumhq\selenium\selenium-safari-driver\3.141.59\selenium-safari-driver-3.141.59.jar
 C:\Users\andan\.m2\repository\org\seleniumhq\selenium\selenium-support\3.141.59\selenium-support-3.141.59.jar
 C:\Users\andan\.m2\repository\net\bytebuddy\byte-buddy\1.8.15\byte-buddy-1.8.15.jar
 C:\Users\andan\.m2\repository\org\apache\commons\commons-exec\1.3\commons-exec-1.3.jar
 C:\Users\andan\.m2\repository\com\google\guava\guava\25.0-jre\guava-25.0-jre.jar
 C:\Users\andan\.m2\repository\com\google\code\findbugs\jsr305\1.3.9\jsr305-1.3.9.jar
 C:\Users\andan\.m2\repository\org\checkerframework\checker-compat-qual\2.0.0\checker-compat-qual-2.0.0.jar
 C:\Users\andan\.m2\repository\com\google\errorprone\error_prone_annotations\2.1.3\error_prone_annotations-2.1.3.jar
 C:\Users\andan\.m2\repository\com\google\j2objc\j2objc-annotations\1.1\j2objc-annotations-1.1.jar
 C:\Users\andan\.m2\repository\org\codehaus\mojo\animal-sniffer-annotations\1.14\animal-sniffer-annotations-1.14.jar
 C:\Users\andan\.m2\repository\com\squareup\okhttp3\okhttp\3.11.0\okhttp-3.11.0.jar
 C:\Users\andan\.m2\repository\com\squareup\okio\okio\1.14.0\okio-1.14.0.jar
 C:\Users\andan\.m2\repository\io\qameta\allure\allure-testng\2.7.0\allure-testng-2.7.0.jar
 C:\Users\andan\.m2\repository\io\qameta\allure\allure-descriptions-javadoc\2.7.0\allure-descriptions-javadoc-2.7.0.jar
 C:\Users\andan\.m2\repository\commons-io\commons-io\2.6\commons-io-2.6.jar
 C:\Users\andan\.m2\repository\io\qameta\allure\allure-java-commons\2.7.0\allure-java-commons-2.7.0.jar
 C:\Users\andan\.m2\repository\io\qameta\allure\allure2-model-api\1.0.0\allure2-model-api-1.0.0.jar
 C:\Users\andan\.m2\repository\io\qameta\allure\allure2-model-pojo\1.0.0\allure2-model-pojo-1.0.0.jar
 C:\Users\andan\.m2\repository\org\apache\tika\tika-core\1.14\tika-core-1.14.jar
 C:\Users\andan\.m2\repository\io\qameta\allure\allure2-model-jackson\1.0.0\allure2-model-jackson-1.0.0.jar
 C:\Users\andan\.m2\repository\com\fasterxml\jackson\core\jackson-databind\2.7.0\jackson-databind-2.7.0.jar
 C:\Users\andan\.m2\repository\com\fasterxml\jackson\core\jackson-annotations\2.7.0\jackson-annotations-2.7.0.jar
 C:\Users\andan\.m2\repository\com\fasterxml\jackson\core\jackson-core\2.7.0\jackson-core-2.7.0.jar
 C:\Users\andan\.m2\repository\com\fasterxml\jackson\module\jackson-module-jaxb-annotations\2.7.0\jackson-module-jaxb-annotations-2.7.0.jar
 C:\Users\andan\.m2\repository\org\aspectj\aspectjrt\1.9.1\aspectjrt-1.9.1.jar
 C:\Users\andan\.m2\repository\org\jooq\joor-java-8\0.9.9\joor-java-8-0.9.9.jar
 C:\Users\andan\.m2\repository\org\slf4j\slf4j-api\1.7.25\slf4j-api-1.7.25.jar
 C:\Users\andan\.m2\repository\javax\xml\bind\jaxb-api\2.3.0\jaxb-api-2.3.0.jar
 C:\Users\andan\.m2\repository\com\opencsv\opencsv\4.1\opencsv-4.1.jar
 C:\Users\andan\.m2\repository\org\apache\commons\commons-lang3\3.6\commons-lang3-3.6.jar
 C:\Users\andan\.m2\repository\org\apache\commons\commons-text\1.1\commons-text-1.1.jar
 C:\Users\andan\.m2\repository\commons-beanutils\commons-beanutils\1.9.3\commons-beanutils-1.9.3.jar
 C:\Users\andan\.m2\repository\commons-logging\commons-logging\1.2\commons-logging-1.2.jar
 C:\Users\andan\.m2\repository\commons-collections\commons-collections\3.2.2\commons-collections-3.2.2.jar
 C:\Users\andan\.m2\repository\org\apache\maven\plugins\maven-surefire-plugin\2.21.0\maven-surefire-plugin-2.21.0.jar
 C:\Users\andan\.m2\repository\org\apache\maven\surefire\maven-surefire-common\2.21.0\maven-surefire-common-2.21.0.jar
 C:\Users\andan\.m2\repository\org\apache\maven\plugin-tools\maven-plugin-annotations\3.5\maven-plugin-annotations-3.5.jar
 C:\Users\andan\.m2\repository\org\apache\maven\surefire\surefire-api\2.21.0\surefire-api-2.21.0.jar
 C:\Users\andan\.m2\repository\org\apache\maven\surefire\surefire-logger-api\2.21.0\surefire-logger-api-2.21.0.jar
 C:\Users\andan\.m2\repository\org\apache\maven\surefire\surefire-booter\2.21.0\surefire-booter-2.21.0.jar
 C:\Users\andan\.m2\repository\org\apache\maven\maven-plugin-descriptor\2.2.1\maven-plugin-descriptor-2.2.1.jar
 C:\Users\andan\.m2\repository\org\codehaus\plexus\plexus-container-default\1.0-alpha-9-stable-1\plexus-container-default-1.0-alpha-9-stable-1.jar
 C:\Users\andan\.m2\repository\junit\junit\3.8.1\junit-3.8.1.jar
 C:\Users\andan\.m2\repository\classworlds\classworlds\1.1-alpha-2\classworlds-1.1-alpha-2.jar
 C:\Users\andan\.m2\repository\org\apache\maven\maven-project\2.2.1\maven-project-2.2.1.jar
 C:\Users\andan\.m2\repository\org\apache\maven\maven-profile\2.2.1\maven-profile-2.2.1.jar
 C:\Users\andan\.m2\repository\org\apache\maven\maven-artifact-manager\2.2.1\maven-artifact-manager-2.2.1.jar
 C:\Users\andan\.m2\repository\org\apache\maven\wagon\wagon-provider-api\1.0-beta-6\wagon-provider-api-1.0-beta-6.jar
 C:\Users\andan\.m2\repository\backport-util-concurrent\backport-util-concurrent\3.1\backport-util-concurrent-3.1.jar
 C:\Users\andan\.m2\repository\org\apache\maven\maven-plugin-registry\2.2.1\maven-plugin-registry-2.2.1.jar
 C:\Users\andan\.m2\repository\org\apache\maven\maven-model\2.2.1\maven-model-2.2.1.jar
 C:\Users\andan\.m2\repository\org\apache\maven\maven-toolchain\2.2.1\maven-toolchain-2.2.1.jar
 C:\Users\andan\.m2\repository\org\apache\maven\plugins\maven-compiler-plugin\3.7.0\maven-compiler-plugin-3.7.0.jar
 C:\Users\andan\.m2\repository\org\apache\maven\maven-plugin-api\3.0\maven-plugin-api-3.0.jar
 C:\Users\andan\.m2\repository\org\sonatype\sisu\sisu-inject-plexus\1.4.2\sisu-inject-plexus-1.4.2.jar
 C:\Users\andan\.m2\repository\org\sonatype\sisu\sisu-inject-bean\1.4.2\sisu-inject-bean-1.4.2.jar
 C:\Users\andan\.m2\repository\org\sonatype\sisu\sisu-guice\2.1.7\sisu-guice-2.1.7-noaop.jar
 C:\Users\andan\.m2\repository\org\apache\maven\maven-artifact\3.0\maven-artifact-3.0.jar
 C:\Users\andan\.m2\repository\org\codehaus\plexus\plexus-utils\2.0.4\plexus-utils-2.0.4.jar
 C:\Users\andan\.m2\repository\org\apache\maven\maven-core\3.0\maven-core-3.0.jar
 C:\Users\andan\.m2\repository\org\apache\maven\maven-settings\3.0\maven-settings-3.0.jar
 C:\Users\andan\.m2\repository\org\apache\maven\maven-settings-builder\3.0\maven-settings-builder-3.0.jar
 C:\Users\andan\.m2\repository\org\apache\maven\maven-repository-metadata\3.0\maven-repository-metadata-3.0.jar
 C:\Users\andan\.m2\repository\org\apache\maven\maven-model-builder\3.0\maven-model-builder-3.0.jar
 C:\Users\andan\.m2\repository\org\sonatype\aether\aether-impl\1.7\aether-impl-1.7.jar
 C:\Users\andan\.m2\repository\org\sonatype\aether\aether-spi\1.7\aether-spi-1.7.jar
 C:\Users\andan\.m2\repository\org\sonatype\aether\aether-api\1.7\aether-api-1.7.jar
 C:\Users\andan\.m2\repository\org\sonatype\aether\aether-util\1.7\aether-util-1.7.jar
 C:\Users\andan\.m2\repository\org\codehaus\plexus\plexus-interpolation\1.14\plexus-interpolation-1.14.jar
 C:\Users\andan\.m2\repository\org\codehaus\plexus\plexus-classworlds\2.2.3\plexus-classworlds-2.2.3.jar
 C:\Users\andan\.m2\repository\org\codehaus\plexus\plexus-component-annotations\1.5.5\plexus-component-annotations-1.5.5.jar
 C:\Users\andan\.m2\repository\org\sonatype\plexus\plexus-sec-dispatcher\1.3\plexus-sec-dispatcher-1.3.jar
 C:\Users\andan\.m2\repository\org\sonatype\plexus\plexus-cipher\1.4\plexus-cipher-1.4.jar
 C:\Users\andan\.m2\repository\org\apache\maven\shared\maven-shared-utils\3.1.0\maven-shared-utils-3.1.0.jar
 C:\Users\andan\.m2\repository\org\apache\maven\shared\maven-shared-incremental\1.1\maven-shared-incremental-1.1.jar
 C:\Users\andan\.m2\repository\org\codehaus\plexus\plexus-java\0.9.2\plexus-java-0.9.2.jar
 C:\Users\andan\.m2\repository\org\ow2\asm\asm\6.0_BETA\asm-6.0_BETA.jar
 C:\Users\andan\.m2\repository\com\thoughtworks\qdox\qdox\2.0-M7\qdox-2.0-M7.jar
 C:\Users\andan\.m2\repository\org\codehaus\plexus\plexus-compiler-api\2.8.2\plexus-compiler-api-2.8.2.jar
 C:\Users\andan\.m2\repository\org\codehaus\plexus\plexus-compiler-manager\2.8.2\plexus-compiler-manager-2.8.2.jar
 C:\Users\andan\.m2\repository\log4j\log4j\1.2.17\log4j-1.2.17.jar]
[DEBUG] Output directory: C:\Users\andan\IdeaProjects\TestGroup\target\classes
[DEBUG] CompilerReuseStrategy: reuseCreated
[DEBUG] useIncrementalCompilation enabled
[INFO] Nothing to compile - all classes are up to date
[INFO] 
[INFO] --- maven-resources-plugin:2.6:testResources (default-testResources) @ TestGroup ---
[DEBUG] Configuring mojo org.apache.maven.plugins:maven-resources-plugin:2.6:testResources from plugin realm ClassRealm[plugin>org.apache.maven.plugins:maven-resources-plugin:2.6, parent: jdk.internal.loader.ClassLoaders$AppClassLoader@73d16e93]
[DEBUG] Configuring mojo 'org.apache.maven.plugins:maven-resources-plugin:2.6:testResources' with basic configurator -->
[DEBUG]   (f) buildFilters = []
[DEBUG]   (f) escapeWindowsPaths = true
[DEBUG]   (s) includeEmptyDirs = false
[DEBUG]   (s) outputDirectory = C:\Users\andan\IdeaProjects\TestGroup\target\test-classes
[DEBUG]   (s) overwrite = false
[DEBUG]   (f) project = MavenProject: TestGroup:TestGroup:1.0-SNAPSHOT @ C:\Users\andan\IdeaProjects\TestGroup\pom.xml
[DEBUG]   (s) resources = [Resource {targetPath: null, filtering: false, FileSet {directory: C:\Users\andan\IdeaProjects\TestGroup\src\test\resources, PatternSet [includes: {}, excludes: {}]}}]
[DEBUG]   (f) session = org.apache.maven.execution.MavenSession@732c9b5c
[DEBUG]   (f) supportMultiLineFiltering = false
[DEBUG]   (f) useBuildFilters = true
[DEBUG]   (s) useDefaultDelimiters = true
[DEBUG] -- end configuration --
[DEBUG] properties used {env.NUMBER_OF_PROCESSORS=8, env.USERPROFILE=C:\Users\andan, java.specification.version=12, sun.cpu.isalist=amd64, sun.arch.data.model=64, env.PROGRAMW6432=C:\Program Files, java.vendor.url=https://java.oracle.com/, env.OS=Windows_NT, sun.boot.library.path=C:\Program Files\Java\jdk-12.0.1\bin, sun.java.command=org.codehaus.plexus.classworlds.launcher.Launcher -X install, env.SYSTEMROOT=C:\WINDOWS, jdk.debug=release, maven.version=3.6.1, java.specification.vendor=Oracle Corporation, java.version.date=2019-04-16, java.home=C:\Program Files\Java\jdk-12.0.1, java.vm.specification.vendor=Oracle Corporation, java.specification.name=Java Platform API Specification, env.LOCALAPPDATA=C:\Users\andan\AppData\Local, env.USERDOMAIN_ROAMINGPROFILE=DESKTOP-9F3MII9, user.script=, sun.management.compiler=HotSpot 64-Bit Tiered Compilers, java.runtime.version=12.0.1+12, env.PATH=C:\WINDOWS\system32;C:\WINDOWS;C:\WINDOWS\System32\Wbem;C:\WINDOWS\System32\WindowsPowerShell\v1.0\;C:\WINDOWS\System32\OpenSSH\;C:\Program Files\Git\cmd;C:\Program Files\OpenVPN\bin;C:\Program Files\PuTTY\;C:\Users\Public\apache-maven-3.6.1\bin;C:\Program Files\Java\jdk-12.0.1\bin;H:\Program Files\Katalon_Studio_Windows_64-5.4.2\configuration\resources\update\5.5.0\extract\resources\drivers\chromedriver_win32\;C:\Users\Public\allure-2.7.0\bin;C:\Users\andan\AppData\Local\Microsoft\WindowsApps;C:\Program Files\JetBrains\IntelliJ IDEA 2019.1.1\bin;;H:\Program Files\Katalon_Studio_Windows_64-5.4.2\configuration\resources\update\5.5.0\extract\resources\drivers\chromedriver_win32\;, env.PUBLIC=C:\Users\Public, env.EXEC_DIR=C:\Users\andan\IdeaProjects\TestGroup, env.COMMONPROGRAMW6432=C:\Program Files\Common Files, file.encoding=Cp1251, env.COMPUTERNAME=DESKTOP-9F3MII9, env.HOMEPATH=\Users\andan, env.APPDATA=C:\Users\andan\AppData\Roaming, java.io.tmpdir=C:\Users\andan\AppData\Local\Temp\, java.version=12.0.1, java.vm.specification.name=Java Virtual Machine Specification, java.library.path=C:\Program Files\Java\jdk-12.0.1\bin;C:\WINDOWS\Sun\Java\bin;C:\WINDOWS\system32;C:\WINDOWS;C:\WINDOWS\system32;C:\WINDOWS;C:\WINDOWS\System32\Wbem;C:\WINDOWS\System32\WindowsPowerShell\v1.0\;C:\WINDOWS\System32\OpenSSH\;C:\Program Files\Git\cmd;C:\Program Files\OpenVPN\bin;C:\Program Files\PuTTY\;C:\Users\Public\apache-maven-3.6.1\bin;C:\Program Files\Java\jdk-12.0.1\bin;H:\Program Files\Katalon_Studio_Windows_64-5.4.2\configuration\resources\update\5.5.0\extract\resources\drivers\chromedriver_win32\;C:\Users\Public\allure-2.7.0\bin;C:\Users\andan\AppData\Local\Microsoft\WindowsApps;C:\Program Files\JetBrains\IntelliJ IDEA 2019.1.1\bin;;H:\Program Files\Katalon_Studio_Windows_64-5.4.2\configuration\resources\update\5.5.0\extract\resources\drivers\chromedriver_win32\;;., java.vendor=Oracle Corporation, env.ERROR_CODE=0, classworlds.conf=C:\Users\Public\apache-maven-3.6.1\bin\..\bin\m2.conf, sun.io.unicode.encoding=UnicodeLittle, sun.desktop=windows, java.vm.specification.version=12, os.name=Windows 10, env.=::=::\, user.home=C:\Users\andan, env.ALLUSERSPROFILE=C:\ProgramData, env.SESSIONNAME=Console, java.awt.graphicsenv=sun.awt.Win32GraphicsEnvironment, path.separator=;, os.version=10.0, env.CLASSWORLDS_LAUNCHER=org.codehaus.plexus.classworlds.launcher.Launcher, env.PATHEXT=.COM;.EXE;.BAT;.CMD;.VBS;.VBE;.JS;.JSE;.WSF;.WSH;.MSC, java.vm.name=Java HotSpot(TM) 64-Bit Server VM, env.USERNAME=andan, os.arch=amd64, maven.multiModuleProjectDirectory=C:\Users\andan\IdeaProjects\TestGroup, env.MAVEN_PROJECTBASEDIR=C:\Users\andan\IdeaProjects\TestGroup, java.vm.info=mixed mode, sharing, env.FPS_BROWSER_USER_PROFILE_STRING=Default, env.TEMP=C:\Users\andan\AppData\Local\Temp, java.class.version=56.0, awt.toolkit=sun.awt.windows.WToolkit, env.ONEDRIVE=C:\Users\andan\OneDrive, sun.jnu.encoding=Cp1251, env.TERMINAL_EMULATOR=JetBrains-JediTerm, env.FPS_BROWSER_APP_PROFILE_STRING=Internet Explorer, maven.build.version=Apache Maven 3.6.1 (d66c9c0b3152b2e69ee9bac180bb8fcc8e6af555; 2019-04-04T22:00:29+03:00), maven.home=C:\Users\Public\apache-maven-3.6.1\bin\.., sun.stderr.encoding=cp866, env.JAVA_HOME=C:\Program Files\Java\jdk-12.0.1\, env.PROGRAMFILES=C:\Program Files, file.separator=\, java.vm.compressedOopsMode=32-bit, env.CLASSWORLDS_JAR="C:\Users\Public\apache-maven-3.6.1\bin\..\boot\plexus-classworlds-2.6.0.jar", line.separator=
, env.PROMPT=$P$G, env.PROCESSOR_REVISION=0200, env.PROCESSOR_IDENTIFIER=AMD64 Family 21 Model 2 Stepping 0, AuthenticAMD, env.PROGRAMDATA=C:\ProgramData, user.name=andan, env.DRIVERDATA=C:\Windows\System32\Drivers\DriverData, aspectj.version=1.8.10, env.SYSTEMDRIVE=C:, env.JVMCONFIG=\.mvn\jvm.config, env.PROGRAMFILES(X86)=C:\Program Files (x86), env.PROCESSOR_LEVEL=21, env.HOMEDRIVE=C:, env.PSMODULEPATH=C:\Program Files\WindowsPowerShell\Modules;C:\WINDOWS\system32\WindowsPowerShell\v1.0\Modules, env.TMP=C:\Users\andan\AppData\Local\Temp, sun.os.patch.level=, env.LOGONSERVER=\\DESKTOP-9F3MII9, library.jansi.path=C:\Users\Public\apache-maven-3.6.1\bin\..\lib\jansi-native, env.WINDIR=C:\WINDOWS, env.MOZ_PLUGIN_PATH=C:\Program Files (x86)\Foxit Software\Foxit Reader\plugins\, java.class.path=C:\Users\Public\apache-maven-3.6.1\bin\..\boot\plexus-classworlds-2.6.0.jar, java.vm.vendor=Oracle Corporation, env.PROCESSOR_ARCHITECTURE=AMD64, user.variant=, env.COMMONPROGRAMFILES=C:\Program Files\Common Files, env.__INTELLIJ_COMMAND_HISTFILE__=C:\Users\andan\.IntelliJIdea2019.1\config\terminal\history\history-, maven.conf=C:\Users\Public\apache-maven-3.6.1\bin\../conf, sun.java.launcher=SUN_STANDARD, user.country=RU, env.USERDOMAIN=DESKTOP-9F3MII9, env.COMSPEC=C:\WINDOWS\system32\cmd.exe, sun.cpu.endian=little, user.language=ru, env.JAVACMD=C:\Program Files\Java\jdk-12.0.1\\bin\java.exe, maven-surefire-plugin.version=2.20.1, allure-testng.version=2.7.0, env.MAVEN_HOME=C:\Users\Public\apache-maven-3.6.1\bin\.., env.INTELLIJ IDEA=C:\Program Files\JetBrains\IntelliJ IDEA 2019.1.1\bin;, env.WDIR=C:\, env.=C:=C:\Users\andan\IdeaProjects\TestGroup, java.runtime.name=Java(TM) SE Runtime Environment, env.COMMONPROGRAMFILES(X86)=C:\Program Files (x86)\Common Files, env.MAVEN_CMD_LINE_ARGS=-X install, java.vendor.url.bug=https://bugreport.java.com/bugreport/, user.dir=C:\Users\andan\IdeaProjects\TestGroup, java.vm.version=12.0.1+12}
[WARNING] Using platform encoding (Cp1251 actually) to copy filtered resources, i.e. build is platform dependent!
[DEBUG] resource with targetPath null
directory C:\Users\andan\IdeaProjects\TestGroup\src\test\resources
excludes []
includes []
[INFO] skip non existing resourceDirectory C:\Users\andan\IdeaProjects\TestGroup\src\test\resources
[DEBUG] no use filter components
[INFO] 
[INFO] --- maven-compiler-plugin:3.1:testCompile (default-testCompile) @ TestGroup ---
[DEBUG] Configuring mojo org.apache.maven.plugins:maven-compiler-plugin:3.1:testCompile from plugin realm ClassRealm[plugin>org.apache.maven.plugins:maven-compiler-plugin:3.1, parent: jdk.internal.loader.ClassLoaders$AppClassLoader@73d16e93]
[DEBUG] Configuring mojo 'org.apache.maven.plugins:maven-compiler-plugin:3.1:testCompile' with basic configurator -->
[DEBUG]   (f) basedir = C:\Users\andan\IdeaProjects\TestGroup
[DEBUG]   (f) buildDirectory = C:\Users\andan\IdeaProjects\TestGroup\target
[DEBUG]   (f) classpathElements = [C:\Users\andan\IdeaProjects\TestGroup\target\test-classes, C:\Users\andan\IdeaProjects\TestGroup\target\classes, C:\Users\andan\.m2\repository\org\seleniumhq\selenium\selenium-java\3.141.59\selenium-java-3.141.59.jar, C:\Users\andan\.m2\repository\org\seleniumhq\selenium\selenium-api\3.141.59\selenium-api-3.141.59.jar, C:\Users\andan\.m2\repository\org\seleniumhq\selenium\selenium-chrome-driver\3.141.59\selenium-chrome-driver-3.141.59.jar, C:\Users\andan\.m2\repository\org\seleniumhq\selenium\selenium-edge-driver\3.141.59\selenium-edge-driver-3.141.59.jar, C:\Users\andan\.m2\repository\org\seleniumhq\selenium\selenium-firefox-driver\3.141.59\selenium-firefox-driver-3.141.59.jar, C:\Users\andan\.m2\repository\org\seleniumhq\selenium\selenium-ie-driver\3.141.59\selenium-ie-driver-3.141.59.jar, C:\Users\andan\.m2\repository\org\seleniumhq\selenium\selenium-opera-driver\3.141.59\selenium-opera-driver-3.141.59.jar, C:\Users\andan\.m2\repository\org\seleniumhq\selenium\selenium-remote-driver\3.141.59\selenium-remote-driver-3.141.59.jar, C:\Users\andan\.m2\repository\org\seleniumhq\selenium\selenium-safari-driver\3.141.59\selenium-safari-driver-3.141.59.jar, C:\Users\andan\.m2\repository\org\seleniumhq\selenium\selenium-support\3.141.59\selenium-support-3.141.59.jar, C:\Users\andan\.m2\repository\net\bytebuddy\byte-buddy\1.8.15\byte-buddy-1.8.15.jar, C:\Users\andan\.m2\repository\org\apache\commons\commons-exec\1.3\commons-exec-1.3.jar, C:\Users\andan\.m2\repository\com\google\guava\guava\25.0-jre\guava-25.0-jre.jar, C:\Users\andan\.m2\repository\com\google\code\findbugs\jsr305\1.3.9\jsr305-1.3.9.jar, C:\Users\andan\.m2\repository\org\checkerframework\checker-compat-qual\2.0.0\checker-compat-qual-2.0.0.jar, C:\Users\andan\.m2\repository\com\google\errorprone\error_prone_annotations\2.1.3\error_prone_annotations-2.1.3.jar, C:\Users\andan\.m2\repository\com\google\j2objc\j2objc-annotations\1.1\j2objc-annotations-1.1.jar, C:\Users\andan\.m2\repository\org\codehaus\mojo\animal-sniffer-annotations\1.14\animal-sniffer-annotations-1.14.jar, C:\Users\andan\.m2\repository\com\squareup\okhttp3\okhttp\3.11.0\okhttp-3.11.0.jar, C:\Users\andan\.m2\repository\com\squareup\okio\okio\1.14.0\okio-1.14.0.jar, C:\Users\andan\.m2\repository\org\testng\testng\6.14.3\testng-6.14.3.jar, C:\Users\andan\.m2\repository\com\beust\jcommander\1.72\jcommander-1.72.jar, C:\Users\andan\.m2\repository\org\apache-extras\beanshell\bsh\2.0b6\bsh-2.0b6.jar, C:\Users\andan\.m2\repository\io\qameta\allure\allure-testng\2.7.0\allure-testng-2.7.0.jar, C:\Users\andan\.m2\repository\io\qameta\allure\allure-descriptions-javadoc\2.7.0\allure-descriptions-javadoc-2.7.0.jar, C:\Users\andan\.m2\repository\commons-io\commons-io\2.6\commons-io-2.6.jar, C:\Users\andan\.m2\repository\io\qameta\allure\allure-java-commons\2.7.0\allure-java-commons-2.7.0.jar, C:\Users\andan\.m2\repository\io\qameta\allure\allure2-model-api\1.0.0\allure2-model-api-1.0.0.jar, C:\Users\andan\.m2\repository\io\qameta\allure\allure2-model-pojo\1.0.0\allure2-model-pojo-1.0.0.jar, C:\Users\andan\.m2\repository\org\apache\tika\tika-core\1.14\tika-core-1.14.jar, C:\Users\andan\.m2\repository\io\qameta\allure\allure2-model-jackson\1.0.0\allure2-model-jackson-1.0.0.jar, C:\Users\andan\.m2\repository\com\fasterxml\jackson\core\jackson-databind\2.7.0\jackson-databind-2.7.0.jar, C:\Users\andan\.m2\repository\com\fasterxml\jackson\core\jackson-annotations\2.7.0\jackson-annotations-2.7.0.jar, C:\Users\andan\.m2\repository\com\fasterxml\jackson\core\jackson-core\2.7.0\jackson-core-2.7.0.jar, C:\Users\andan\.m2\repository\com\fasterxml\jackson\module\jackson-module-jaxb-annotations\2.7.0\jackson-module-jaxb-annotations-2.7.0.jar, C:\Users\andan\.m2\repository\org\aspectj\aspectjrt\1.9.1\aspectjrt-1.9.1.jar, C:\Users\andan\.m2\repository\org\jooq\joor-java-8\0.9.9\joor-java-8-0.9.9.jar, C:\Users\andan\.m2\repository\org\slf4j\slf4j-api\1.7.25\slf4j-api-1.7.25.jar, C:\Users\andan\.m2\repository\javax\xml\bind\jaxb-api\2.3.0\jaxb-api-2.3.0.jar, C:\Users\andan\.m2\repository\com\opencsv\opencsv\4.1\opencsv-4.1.jar, C:\Users\andan\.m2\repository\org\apache\commons\commons-lang3\3.6\commons-lang3-3.6.jar, C:\Users\andan\.m2\repository\org\apache\commons\commons-text\1.1\commons-text-1.1.jar, C:\Users\andan\.m2\repository\commons-beanutils\commons-beanutils\1.9.3\commons-beanutils-1.9.3.jar, C:\Users\andan\.m2\repository\commons-logging\commons-logging\1.2\commons-logging-1.2.jar, C:\Users\andan\.m2\repository\commons-collections\commons-collections\3.2.2\commons-collections-3.2.2.jar, C:\Users\andan\.m2\repository\org\apache\maven\plugins\maven-surefire-plugin\2.21.0\maven-surefire-plugin-2.21.0.jar, C:\Users\andan\.m2\repository\org\apache\maven\surefire\maven-surefire-common\2.21.0\maven-surefire-common-2.21.0.jar, C:\Users\andan\.m2\repository\org\apache\maven\plugin-tools\maven-plugin-annotations\3.5\maven-plugin-annotations-3.5.jar, C:\Users\andan\.m2\repository\org\apache\maven\surefire\surefire-api\2.21.0\surefire-api-2.21.0.jar, C:\Users\andan\.m2\repository\org\apache\maven\surefire\surefire-logger-api\2.21.0\surefire-logger-api-2.21.0.jar, C:\Users\andan\.m2\repository\org\apache\maven\surefire\surefire-booter\2.21.0\surefire-booter-2.21.0.jar, C:\Users\andan\.m2\repository\org\apache\maven\maven-plugin-descriptor\2.2.1\maven-plugin-descriptor-2.2.1.jar, C:\Users\andan\.m2\repository\org\codehaus\plexus\plexus-container-default\1.0-alpha-9-stable-1\plexus-container-default-1.0-alpha-9-stable-1.jar, C:\Users\andan\.m2\repository\junit\junit\3.8.1\junit-3.8.1.jar, C:\Users\andan\.m2\repository\classworlds\classworlds\1.1-alpha-2\classworlds-1.1-alpha-2.jar, C:\Users\andan\.m2\repository\org\apache\maven\maven-project\2.2.1\maven-project-2.2.1.jar, C:\Users\andan\.m2\repository\org\apache\maven\maven-profile\2.2.1\maven-profile-2.2.1.jar, C:\Users\andan\.m2\repository\org\apache\maven\maven-artifact-manager\2.2.1\maven-artifact-manager-2.2.1.jar, C:\Users\andan\.m2\repository\org\apache\maven\wagon\wagon-provider-api\1.0-beta-6\wagon-provider-api-1.0-beta-6.jar, C:\Users\andan\.m2\repository\backport-util-concurrent\backport-util-concurrent\3.1\backport-util-concurrent-3.1.jar, C:\Users\andan\.m2\repository\org\apache\maven\maven-plugin-registry\2.2.1\maven-plugin-registry-2.2.1.jar, C:\Users\andan\.m2\repository\org\apache\maven\maven-model\2.2.1\maven-model-2.2.1.jar, C:\Users\andan\.m2\repository\org\apache\maven\maven-toolchain\2.2.1\maven-toolchain-2.2.1.jar, C:\Users\andan\.m2\repository\org\apache\maven\plugins\maven-compiler-plugin\3.7.0\maven-compiler-plugin-3.7.0.jar, C:\Users\andan\.m2\repository\org\apache\maven\maven-plugin-api\3.0\maven-plugin-api-3.0.jar, C:\Users\andan\.m2\repository\org\sonatype\sisu\sisu-inject-plexus\1.4.2\sisu-inject-plexus-1.4.2.jar, C:\Users\andan\.m2\repository\org\sonatype\sisu\sisu-inject-bean\1.4.2\sisu-inject-bean-1.4.2.jar, C:\Users\andan\.m2\repository\org\sonatype\sisu\sisu-guice\2.1.7\sisu-guice-2.1.7-noaop.jar, C:\Users\andan\.m2\repository\org\apache\maven\maven-artifact\3.0\maven-artifact-3.0.jar, C:\Users\andan\.m2\repository\org\codehaus\plexus\plexus-utils\2.0.4\plexus-utils-2.0.4.jar, C:\Users\andan\.m2\repository\org\apache\maven\maven-core\3.0\maven-core-3.0.jar, C:\Users\andan\.m2\repository\org\apache\maven\maven-settings\3.0\maven-settings-3.0.jar, C:\Users\andan\.m2\repository\org\apache\maven\maven-settings-builder\3.0\maven-settings-builder-3.0.jar, C:\Users\andan\.m2\repository\org\apache\maven\maven-repository-metadata\3.0\maven-repository-metadata-3.0.jar, C:\Users\andan\.m2\repository\org\apache\maven\maven-model-builder\3.0\maven-model-builder-3.0.jar, C:\Users\andan\.m2\repository\org\apache\maven\maven-aether-provider\3.0\maven-aether-provider-3.0.jar, C:\Users\andan\.m2\repository\org\sonatype\aether\aether-impl\1.7\aether-impl-1.7.jar, C:\Users\andan\.m2\repository\org\sonatype\aether\aether-spi\1.7\aether-spi-1.7.jar, C:\Users\andan\.m2\repository\org\sonatype\aether\aether-api\1.7\aether-api-1.7.jar, C:\Users\andan\.m2\repository\org\sonatype\aether\aether-util\1.7\aether-util-1.7.jar, C:\Users\andan\.m2\repository\org\codehaus\plexus\plexus-interpolation\1.14\plexus-interpolation-1.14.jar, C:\Users\andan\.m2\repository\org\codehaus\plexus\plexus-classworlds\2.2.3\plexus-classworlds-2.2.3.jar, C:\Users\andan\.m2\repository\org\codehaus\plexus\plexus-component-annotations\1.5.5\plexus-component-annotations-1.5.5.jar, C:\Users\andan\.m2\repository\org\sonatype\plexus\plexus-sec-dispatcher\1.3\plexus-sec-dispatcher-1.3.jar, C:\Users\andan\.m2\repository\org\sonatype\plexus\plexus-cipher\1.4\plexus-cipher-1.4.jar, C:\Users\andan\.m2\repository\org\apache\maven\shared\maven-shared-utils\3.1.0\maven-shared-utils-3.1.0.jar, C:\Users\andan\.m2\repository\org\apache\maven\shared\maven-shared-incremental\1.1\maven-shared-incremental-1.1.jar, C:\Users\andan\.m2\repository\org\codehaus\plexus\plexus-java\0.9.2\plexus-java-0.9.2.jar, C:\Users\andan\.m2\repository\org\ow2\asm\asm\6.0_BETA\asm-6.0_BETA.jar, C:\Users\andan\.m2\repository\com\thoughtworks\qdox\qdox\2.0-M7\qdox-2.0-M7.jar, C:\Users\andan\.m2\repository\org\codehaus\plexus\plexus-compiler-api\2.8.2\plexus-compiler-api-2.8.2.jar, C:\Users\andan\.m2\repository\org\codehaus\plexus\plexus-compiler-manager\2.8.2\plexus-compiler-manager-2.8.2.jar, C:\Users\andan\.m2\repository\org\codehaus\plexus\plexus-compiler-javac\2.8.2\plexus-compiler-javac-2.8.2.jar, C:\Users\andan\.m2\repository\log4j\log4j\1.2.17\log4j-1.2.17.jar]
[DEBUG]   (f) compileSourceRoots = [C:\Users\andan\IdeaProjects\TestGroup\src\test\java]
[DEBUG]   (f) compilerId = javac
[DEBUG]   (f) debug = true
[DEBUG]   (f) failOnError = true
[DEBUG]   (f) forceJavacCompilerUse = false
[DEBUG]   (f) fork = false
[DEBUG]   (f) generatedTestSourcesDirectory = C:\Users\andan\IdeaProjects\TestGroup\target\generated-test-sources\test-annotations
[DEBUG]   (f) mojoExecution = org.apache.maven.plugins:maven-compiler-plugin:3.1:testCompile {execution: default-testCompile}
[DEBUG]   (f) optimize = false
[DEBUG]   (f) outputDirectory = C:\Users\andan\IdeaProjects\TestGroup\target\test-classes
[DEBUG]   (f) showDeprecation = false
[DEBUG]   (f) showWarnings = false
[DEBUG]   (f) skipMultiThreadWarning = false
[DEBUG]   (f) source = 8
[DEBUG]   (f) staleMillis = 0
[DEBUG]   (f) target = 8
[DEBUG]   (f) useIncrementalCompilation = true
[DEBUG]   (f) verbose = false
[DEBUG]   (f) mavenSession = org.apache.maven.execution.MavenSession@732c9b5c
[DEBUG]   (f) session = org.apache.maven.execution.MavenSession@732c9b5c
[DEBUG] -- end configuration --
[DEBUG] Using compiler 'javac'.
[DEBUG] Source directories: [C:\Users\andan\IdeaProjects\TestGroup\src\test\java]
[DEBUG] Classpath: [C:\Users\andan\IdeaProjects\TestGroup\target\test-classes
 C:\Users\andan\IdeaProjects\TestGroup\target\classes
 C:\Users\andan\.m2\repository\org\seleniumhq\selenium\selenium-java\3.141.59\selenium-java-3.141.59.jar
 C:\Users\andan\.m2\repository\org\seleniumhq\selenium\selenium-api\3.141.59\selenium-api-3.141.59.jar
 C:\Users\andan\.m2\repository\org\seleniumhq\selenium\selenium-chrome-driver\3.141.59\selenium-chrome-driver-3.141.59.jar
 C:\Users\andan\.m2\repository\org\seleniumhq\selenium\selenium-edge-driver\3.141.59\selenium-edge-driver-3.141.59.jar
 C:\Users\andan\.m2\repository\org\seleniumhq\selenium\selenium-firefox-driver\3.141.59\selenium-firefox-driver-3.141.59.jar
 C:\Users\andan\.m2\repository\org\seleniumhq\selenium\selenium-ie-driver\3.141.59\selenium-ie-driver-3.141.59.jar
 C:\Users\andan\.m2\repository\org\seleniumhq\selenium\selenium-opera-driver\3.141.59\selenium-opera-driver-3.141.59.jar
 C:\Users\andan\.m2\repository\org\seleniumhq\selenium\selenium-remote-driver\3.141.59\selenium-remote-driver-3.141.59.jar
 C:\Users\andan\.m2\repository\org\seleniumhq\selenium\selenium-safari-driver\3.141.59\selenium-safari-driver-3.141.59.jar
 C:\Users\andan\.m2\repository\org\seleniumhq\selenium\selenium-support\3.141.59\selenium-support-3.141.59.jar
 C:\Users\andan\.m2\repository\net\bytebuddy\byte-buddy\1.8.15\byte-buddy-1.8.15.jar
 C:\Users\andan\.m2\repository\org\apache\commons\commons-exec\1.3\commons-exec-1.3.jar
 C:\Users\andan\.m2\repository\com\google\guava\guava\25.0-jre\guava-25.0-jre.jar
 C:\Users\andan\.m2\repository\com\google\code\findbugs\jsr305\1.3.9\jsr305-1.3.9.jar
 C:\Users\andan\.m2\repository\org\checkerframework\checker-compat-qual\2.0.0\checker-compat-qual-2.0.0.jar
 C:\Users\andan\.m2\repository\com\google\errorprone\error_prone_annotations\2.1.3\error_prone_annotations-2.1.3.jar
 C:\Users\andan\.m2\repository\com\google\j2objc\j2objc-annotations\1.1\j2objc-annotations-1.1.jar
 C:\Users\andan\.m2\repository\org\codehaus\mojo\animal-sniffer-annotations\1.14\animal-sniffer-annotations-1.14.jar
 C:\Users\andan\.m2\repository\com\squareup\okhttp3\okhttp\3.11.0\okhttp-3.11.0.jar
 C:\Users\andan\.m2\repository\com\squareup\okio\okio\1.14.0\okio-1.14.0.jar
 C:\Users\andan\.m2\repository\org\testng\testng\6.14.3\testng-6.14.3.jar
 C:\Users\andan\.m2\repository\com\beust\jcommander\1.72\jcommander-1.72.jar
 C:\Users\andan\.m2\repository\org\apache-extras\beanshell\bsh\2.0b6\bsh-2.0b6.jar
 C:\Users\andan\.m2\repository\io\qameta\allure\allure-testng\2.7.0\allure-testng-2.7.0.jar
 C:\Users\andan\.m2\repository\io\qameta\allure\allure-descriptions-javadoc\2.7.0\allure-descriptions-javadoc-2.7.0.jar
 C:\Users\andan\.m2\repository\commons-io\commons-io\2.6\commons-io-2.6.jar
 C:\Users\andan\.m2\repository\io\qameta\allure\allure-java-commons\2.7.0\allure-java-commons-2.7.0.jar
 C:\Users\andan\.m2\repository\io\qameta\allure\allure2-model-api\1.0.0\allure2-model-api-1.0.0.jar
 C:\Users\andan\.m2\repository\io\qameta\allure\allure2-model-pojo\1.0.0\allure2-model-pojo-1.0.0.jar
 C:\Users\andan\.m2\repository\org\apache\tika\tika-core\1.14\tika-core-1.14.jar
 C:\Users\andan\.m2\repository\io\qameta\allure\allure2-model-jackson\1.0.0\allure2-model-jackson-1.0.0.jar
 C:\Users\andan\.m2\repository\com\fasterxml\jackson\core\jackson-databind\2.7.0\jackson-databind-2.7.0.jar
 C:\Users\andan\.m2\repository\com\fasterxml\jackson\core\jackson-annotations\2.7.0\jackson-annotations-2.7.0.jar
 C:\Users\andan\.m2\repository\com\fasterxml\jackson\core\jackson-core\2.7.0\jackson-core-2.7.0.jar
 C:\Users\andan\.m2\repository\com\fasterxml\jackson\module\jackson-module-jaxb-annotations\2.7.0\jackson-module-jaxb-annotations-2.7.0.jar
 C:\Users\andan\.m2\repository\org\aspectj\aspectjrt\1.9.1\aspectjrt-1.9.1.jar
 C:\Users\andan\.m2\repository\org\jooq\joor-java-8\0.9.9\joor-java-8-0.9.9.jar
 C:\Users\andan\.m2\repository\org\slf4j\slf4j-api\1.7.25\slf4j-api-1.7.25.jar
 C:\Users\andan\.m2\repository\javax\xml\bind\jaxb-api\2.3.0\jaxb-api-2.3.0.jar
 C:\Users\andan\.m2\repository\com\opencsv\opencsv\4.1\opencsv-4.1.jar
 C:\Users\andan\.m2\repository\org\apache\commons\commons-lang3\3.6\commons-lang3-3.6.jar
 C:\Users\andan\.m2\repository\org\apache\commons\commons-text\1.1\commons-text-1.1.jar
 C:\Users\andan\.m2\repository\commons-beanutils\commons-beanutils\1.9.3\commons-beanutils-1.9.3.jar
 C:\Users\andan\.m2\repository\commons-logging\commons-logging\1.2\commons-logging-1.2.jar
 C:\Users\andan\.m2\repository\commons-collections\commons-collections\3.2.2\commons-collections-3.2.2.jar
 C:\Users\andan\.m2\repository\org\apache\maven\plugins\maven-surefire-plugin\2.21.0\maven-surefire-plugin-2.21.0.jar
 C:\Users\andan\.m2\repository\org\apache\maven\surefire\maven-surefire-common\2.21.0\maven-surefire-common-2.21.0.jar
 C:\Users\andan\.m2\repository\org\apache\maven\plugin-tools\maven-plugin-annotations\3.5\maven-plugin-annotations-3.5.jar
 C:\Users\andan\.m2\repository\org\apache\maven\surefire\surefire-api\2.21.0\surefire-api-2.21.0.jar
 C:\Users\andan\.m2\repository\org\apache\maven\surefire\surefire-logger-api\2.21.0\surefire-logger-api-2.21.0.jar
 C:\Users\andan\.m2\repository\org\apache\maven\surefire\surefire-booter\2.21.0\surefire-booter-2.21.0.jar
 C:\Users\andan\.m2\repository\org\apache\maven\maven-plugin-descriptor\2.2.1\maven-plugin-descriptor-2.2.1.jar
 C:\Users\andan\.m2\repository\org\codehaus\plexus\plexus-container-default\1.0-alpha-9-stable-1\plexus-container-default-1.0-alpha-9-stable-1.jar
 C:\Users\andan\.m2\repository\junit\junit\3.8.1\junit-3.8.1.jar
 C:\Users\andan\.m2\repository\classworlds\classworlds\1.1-alpha-2\classworlds-1.1-alpha-2.jar
 C:\Users\andan\.m2\repository\org\apache\maven\maven-project\2.2.1\maven-project-2.2.1.jar
 C:\Users\andan\.m2\repository\org\apache\maven\maven-profile\2.2.1\maven-profile-2.2.1.jar
 C:\Users\andan\.m2\repository\org\apache\maven\maven-artifact-manager\2.2.1\maven-artifact-manager-2.2.1.jar
 C:\Users\andan\.m2\repository\org\apache\maven\wagon\wagon-provider-api\1.0-beta-6\wagon-provider-api-1.0-beta-6.jar
 C:\Users\andan\.m2\repository\backport-util-concurrent\backport-util-concurrent\3.1\backport-util-concurrent-3.1.jar
 C:\Users\andan\.m2\repository\org\apache\maven\maven-plugin-registry\2.2.1\maven-plugin-registry-2.2.1.jar
 C:\Users\andan\.m2\repository\org\apache\maven\maven-model\2.2.1\maven-model-2.2.1.jar
 C:\Users\andan\.m2\repository\org\apache\maven\maven-toolchain\2.2.1\maven-toolchain-2.2.1.jar
 C:\Users\andan\.m2\repository\org\apache\maven\plugins\maven-compiler-plugin\3.7.0\maven-compiler-plugin-3.7.0.jar
 C:\Users\andan\.m2\repository\org\apache\maven\maven-plugin-api\3.0\maven-plugin-api-3.0.jar
 C:\Users\andan\.m2\repository\org\sonatype\sisu\sisu-inject-plexus\1.4.2\sisu-inject-plexus-1.4.2.jar
 C:\Users\andan\.m2\repository\org\sonatype\sisu\sisu-inject-bean\1.4.2\sisu-inject-bean-1.4.2.jar
 C:\Users\andan\.m2\repository\org\sonatype\sisu\sisu-guice\2.1.7\sisu-guice-2.1.7-noaop.jar
 C:\Users\andan\.m2\repository\org\apache\maven\maven-artifact\3.0\maven-artifact-3.0.jar
 C:\Users\andan\.m2\repository\org\codehaus\plexus\plexus-utils\2.0.4\plexus-utils-2.0.4.jar
 C:\Users\andan\.m2\repository\org\apache\maven\maven-core\3.0\maven-core-3.0.jar
 C:\Users\andan\.m2\repository\org\apache\maven\maven-settings\3.0\maven-settings-3.0.jar
 C:\Users\andan\.m2\repository\org\apache\maven\maven-settings-builder\3.0\maven-settings-builder-3.0.jar
 C:\Users\andan\.m2\repository\org\apache\maven\maven-repository-metadata\3.0\maven-repository-metadata-3.0.jar
 C:\Users\andan\.m2\repository\org\apache\maven\maven-model-builder\3.0\maven-model-builder-3.0.jar
 C:\Users\andan\.m2\repository\org\apache\maven\maven-aether-provider\3.0\maven-aether-provider-3.0.jar
 C:\Users\andan\.m2\repository\org\sonatype\aether\aether-impl\1.7\aether-impl-1.7.jar
 C:\Users\andan\.m2\repository\org\sonatype\aether\aether-spi\1.7\aether-spi-1.7.jar
 C:\Users\andan\.m2\repository\org\sonatype\aether\aether-api\1.7\aether-api-1.7.jar
 C:\Users\andan\.m2\repository\org\sonatype\aether\aether-util\1.7\aether-util-1.7.jar
 C:\Users\andan\.m2\repository\org\codehaus\plexus\plexus-interpolation\1.14\plexus-interpolation-1.14.jar
 C:\Users\andan\.m2\repository\org\codehaus\plexus\plexus-classworlds\2.2.3\plexus-classworlds-2.2.3.jar
 C:\Users\andan\.m2\repository\org\codehaus\plexus\plexus-component-annotations\1.5.5\plexus-component-annotations-1.5.5.jar
 C:\Users\andan\.m2\repository\org\sonatype\plexus\plexus-sec-dispatcher\1.3\plexus-sec-dispatcher-1.3.jar
 C:\Users\andan\.m2\repository\org\sonatype\plexus\plexus-cipher\1.4\plexus-cipher-1.4.jar
 C:\Users\andan\.m2\repository\org\apache\maven\shared\maven-shared-utils\3.1.0\maven-shared-utils-3.1.0.jar
 C:\Users\andan\.m2\repository\org\apache\maven\shared\maven-shared-incremental\1.1\maven-shared-incremental-1.1.jar
 C:\Users\andan\.m2\repository\org\codehaus\plexus\plexus-java\0.9.2\plexus-java-0.9.2.jar
 C:\Users\andan\.m2\repository\org\ow2\asm\asm\6.0_BETA\asm-6.0_BETA.jar
 C:\Users\andan\.m2\repository\com\thoughtworks\qdox\qdox\2.0-M7\qdox-2.0-M7.jar
 C:\Users\andan\.m2\repository\org\codehaus\plexus\plexus-compiler-api\2.8.2\plexus-compiler-api-2.8.2.jar
 C:\Users\andan\.m2\repository\org\codehaus\plexus\plexus-compiler-manager\2.8.2\plexus-compiler-manager-2.8.2.jar
 C:\Users\andan\.m2\repository\org\codehaus\plexus\plexus-compiler-javac\2.8.2\plexus-compiler-javac-2.8.2.jar
 C:\Users\andan\.m2\repository\log4j\log4j\1.2.17\log4j-1.2.17.jar]
[DEBUG] Output directory: C:\Users\andan\IdeaProjects\TestGroup\target\test-classes
[DEBUG] CompilerReuseStrategy: reuseCreated
[DEBUG] useIncrementalCompilation enabled
[DEBUG] Stale source detected: C:\Users\andan\IdeaProjects\TestGroup\src\test\java\TestClass.java
[INFO] Changes detected - recompiling the module!
[DEBUG] Classpath:
[DEBUG]  C:\Users\andan\IdeaProjects\TestGroup\target\test-classes
[DEBUG]  C:\Users\andan\IdeaProjects\TestGroup\target\classes
[DEBUG]  C:\Users\andan\.m2\repository\org\seleniumhq\selenium\selenium-java\3.141.59\selenium-java-3.141.59.jar
[DEBUG]  C:\Users\andan\.m2\repository\org\seleniumhq\selenium\selenium-api\3.141.59\selenium-api-3.141.59.jar
[DEBUG]  C:\Users\andan\.m2\repository\org\seleniumhq\selenium\selenium-chrome-driver\3.141.59\selenium-chrome-driver-3.141.59.jar
[DEBUG]  C:\Users\andan\.m2\repository\org\seleniumhq\selenium\selenium-edge-driver\3.141.59\selenium-edge-driver-3.141.59.jar
[DEBUG]  C:\Users\andan\.m2\repository\org\seleniumhq\selenium\selenium-firefox-driver\3.141.59\selenium-firefox-driver-3.141.59.jar
[DEBUG]  C:\Users\andan\.m2\repository\org\seleniumhq\selenium\selenium-ie-driver\3.141.59\selenium-ie-driver-3.141.59.jar
[DEBUG]  C:\Users\andan\.m2\repository\org\seleniumhq\selenium\selenium-opera-driver\3.141.59\selenium-opera-driver-3.141.59.jar
[DEBUG]  C:\Users\andan\.m2\repository\org\seleniumhq\selenium\selenium-remote-driver\3.141.59\selenium-remote-driver-3.141.59.jar
[DEBUG]  C:\Users\andan\.m2\repository\org\seleniumhq\selenium\selenium-safari-driver\3.141.59\selenium-safari-driver-3.141.59.jar
[DEBUG]  C:\Users\andan\.m2\repository\org\seleniumhq\selenium\selenium-support\3.141.59\selenium-support-3.141.59.jar
[DEBUG]  C:\Users\andan\.m2\repository\net\bytebuddy\byte-buddy\1.8.15\byte-buddy-1.8.15.jar
[DEBUG]  C:\Users\andan\.m2\repository\org\apache\commons\commons-exec\1.3\commons-exec-1.3.jar
[DEBUG]  C:\Users\andan\.m2\repository\com\google\guava\guava\25.0-jre\guava-25.0-jre.jar
[DEBUG]  C:\Users\andan\.m2\repository\com\google\code\findbugs\jsr305\1.3.9\jsr305-1.3.9.jar
[DEBUG]  C:\Users\andan\.m2\repository\org\checkerframework\checker-compat-qual\2.0.0\checker-compat-qual-2.0.0.jar
[DEBUG]  C:\Users\andan\.m2\repository\com\google\errorprone\error_prone_annotations\2.1.3\error_prone_annotations-2.1.3.jar
[DEBUG]  C:\Users\andan\.m2\repository\com\google\j2objc\j2objc-annotations\1.1\j2objc-annotations-1.1.jar
[DEBUG]  C:\Users\andan\.m2\repository\org\codehaus\mojo\animal-sniffer-annotations\1.14\animal-sniffer-annotations-1.14.jar
[DEBUG]  C:\Users\andan\.m2\repository\com\squareup\okhttp3\okhttp\3.11.0\okhttp-3.11.0.jar
[DEBUG]  C:\Users\andan\.m2\repository\com\squareup\okio\okio\1.14.0\okio-1.14.0.jar
[DEBUG]  C:\Users\andan\.m2\repository\org\testng\testng\6.14.3\testng-6.14.3.jar
[DEBUG]  C:\Users\andan\.m2\repository\com\beust\jcommander\1.72\jcommander-1.72.jar
[DEBUG]  C:\Users\andan\.m2\repository\org\apache-extras\beanshell\bsh\2.0b6\bsh-2.0b6.jar
[DEBUG]  C:\Users\andan\.m2\repository\io\qameta\allure\allure-testng\2.7.0\allure-testng-2.7.0.jar
[DEBUG]  C:\Users\andan\.m2\repository\io\qameta\allure\allure-descriptions-javadoc\2.7.0\allure-descriptions-javadoc-2.7.0.jar
[DEBUG]  C:\Users\andan\.m2\repository\commons-io\commons-io\2.6\commons-io-2.6.jar
[DEBUG]  C:\Users\andan\.m2\repository\io\qameta\allure\allure-java-commons\2.7.0\allure-java-commons-2.7.0.jar
[DEBUG]  C:\Users\andan\.m2\repository\io\qameta\allure\allure2-model-api\1.0.0\allure2-model-api-1.0.0.jar
[DEBUG]  C:\Users\andan\.m2\repository\io\qameta\allure\allure2-model-pojo\1.0.0\allure2-model-pojo-1.0.0.jar
[DEBUG]  C:\Users\andan\.m2\repository\org\apache\tika\tika-core\1.14\tika-core-1.14.jar
[DEBUG]  C:\Users\andan\.m2\repository\io\qameta\allure\allure2-model-jackson\1.0.0\allure2-model-jackson-1.0.0.jar
[DEBUG]  C:\Users\andan\.m2\repository\com\fasterxml\jackson\core\jackson-databind\2.7.0\jackson-databind-2.7.0.jar
[DEBUG]  C:\Users\andan\.m2\repository\com\fasterxml\jackson\core\jackson-annotations\2.7.0\jackson-annotations-2.7.0.jar
[DEBUG]  C:\Users\andan\.m2\repository\com\fasterxml\jackson\core\jackson-core\2.7.0\jackson-core-2.7.0.jar
[DEBUG]  C:\Users\andan\.m2\repository\com\fasterxml\jackson\module\jackson-module-jaxb-annotations\2.7.0\jackson-module-jaxb-annotations-2.7.0.jar
[DEBUG]  C:\Users\andan\.m2\repository\org\aspectj\aspectjrt\1.9.1\aspectjrt-1.9.1.jar
[DEBUG]  C:\Users\andan\.m2\repository\org\jooq\joor-java-8\0.9.9\joor-java-8-0.9.9.jar
[DEBUG]  C:\Users\andan\.m2\repository\org\slf4j\slf4j-api\1.7.25\slf4j-api-1.7.25.jar
[DEBUG]  C:\Users\andan\.m2\repository\javax\xml\bind\jaxb-api\2.3.0\jaxb-api-2.3.0.jar
[DEBUG]  C:\Users\andan\.m2\repository\com\opencsv\opencsv\4.1\opencsv-4.1.jar
[DEBUG]  C:\Users\andan\.m2\repository\org\apache\commons\commons-lang3\3.6\commons-lang3-3.6.jar
[DEBUG]  C:\Users\andan\.m2\repository\org\apache\commons\commons-text\1.1\commons-text-1.1.jar
[DEBUG]  C:\Users\andan\.m2\repository\commons-beanutils\commons-beanutils\1.9.3\commons-beanutils-1.9.3.jar
[DEBUG]  C:\Users\andan\.m2\repository\commons-logging\commons-logging\1.2\commons-logging-1.2.jar
[DEBUG]  C:\Users\andan\.m2\repository\commons-collections\commons-collections\3.2.2\commons-collections-3.2.2.jar
[DEBUG]  C:\Users\andan\.m2\repository\org\apache\maven\plugins\maven-surefire-plugin\2.21.0\maven-surefire-plugin-2.21.0.jar
[DEBUG]  C:\Users\andan\.m2\repository\org\apache\maven\surefire\maven-surefire-common\2.21.0\maven-surefire-common-2.21.0.jar
[DEBUG]  C:\Users\andan\.m2\repository\org\apache\maven\plugin-tools\maven-plugin-annotations\3.5\maven-plugin-annotations-3.5.jar
[DEBUG]  C:\Users\andan\.m2\repository\org\apache\maven\surefire\surefire-api\2.21.0\surefire-api-2.21.0.jar
[DEBUG]  C:\Users\andan\.m2\repository\org\apache\maven\surefire\surefire-logger-api\2.21.0\surefire-logger-api-2.21.0.jar
[DEBUG]  C:\Users\andan\.m2\repository\org\apache\maven\surefire\surefire-booter\2.21.0\surefire-booter-2.21.0.jar
[DEBUG]  C:\Users\andan\.m2\repository\org\apache\maven\maven-plugin-descriptor\2.2.1\maven-plugin-descriptor-2.2.1.jar
[DEBUG]  C:\Users\andan\.m2\repository\org\codehaus\plexus\plexus-container-default\1.0-alpha-9-stable-1\plexus-container-default-1.0-alpha-9-stable-1.jar
[DEBUG]  C:\Users\andan\.m2\repository\junit\junit\3.8.1\junit-3.8.1.jar
[DEBUG]  C:\Users\andan\.m2\repository\classworlds\classworlds\1.1-alpha-2\classworlds-1.1-alpha-2.jar
[DEBUG]  C:\Users\andan\.m2\repository\org\apache\maven\maven-project\2.2.1\maven-project-2.2.1.jar
[DEBUG]  C:\Users\andan\.m2\repository\org\apache\maven\maven-profile\2.2.1\maven-profile-2.2.1.jar
[DEBUG]  C:\Users\andan\.m2\repository\org\apache\maven\maven-artifact-manager\2.2.1\maven-artifact-manager-2.2.1.jar
[DEBUG]  C:\Users\andan\.m2\repository\org\apache\maven\wagon\wagon-provider-api\1.0-beta-6\wagon-provider-api-1.0-beta-6.jar
[DEBUG]  C:\Users\andan\.m2\repository\backport-util-concurrent\backport-util-concurrent\3.1\backport-util-concurrent-3.1.jar
[DEBUG]  C:\Users\andan\.m2\repository\org\apache\maven\maven-plugin-registry\2.2.1\maven-plugin-registry-2.2.1.jar
[DEBUG]  C:\Users\andan\.m2\repository\org\apache\maven\maven-model\2.2.1\maven-model-2.2.1.jar
[DEBUG]  C:\Users\andan\.m2\repository\org\apache\maven\maven-toolchain\2.2.1\maven-toolchain-2.2.1.jar
[DEBUG]  C:\Users\andan\.m2\repository\org\apache\maven\plugins\maven-compiler-plugin\3.7.0\maven-compiler-plugin-3.7.0.jar
[DEBUG]  C:\Users\andan\.m2\repository\org\apache\maven\maven-plugin-api\3.0\maven-plugin-api-3.0.jar
[DEBUG]  C:\Users\andan\.m2\repository\org\sonatype\sisu\sisu-inject-plexus\1.4.2\sisu-inject-plexus-1.4.2.jar
[DEBUG]  C:\Users\andan\.m2\repository\org\sonatype\sisu\sisu-inject-bean\1.4.2\sisu-inject-bean-1.4.2.jar
[DEBUG]  C:\Users\andan\.m2\repository\org\sonatype\sisu\sisu-guice\2.1.7\sisu-guice-2.1.7-noaop.jar
[DEBUG]  C:\Users\andan\.m2\repository\org\apache\maven\maven-artifact\3.0\maven-artifact-3.0.jar
[DEBUG]  C:\Users\andan\.m2\repository\org\codehaus\plexus\plexus-utils\2.0.4\plexus-utils-2.0.4.jar
[DEBUG]  C:\Users\andan\.m2\repository\org\apache\maven\maven-core\3.0\maven-core-3.0.jar
[DEBUG]  C:\Users\andan\.m2\repository\org\apache\maven\maven-settings\3.0\maven-settings-3.0.jar
[DEBUG]  C:\Users\andan\.m2\repository\org\apache\maven\maven-settings-builder\3.0\maven-settings-builder-3.0.jar
[DEBUG]  C:\Users\andan\.m2\repository\org\apache\maven\maven-repository-metadata\3.0\maven-repository-metadata-3.0.jar
[DEBUG]  C:\Users\andan\.m2\repository\org\apache\maven\maven-model-builder\3.0\maven-model-builder-3.0.jar
[DEBUG]  C:\Users\andan\.m2\repository\org\apache\maven\maven-aether-provider\3.0\maven-aether-provider-3.0.jar
[DEBUG]  C:\Users\andan\.m2\repository\org\sonatype\aether\aether-impl\1.7\aether-impl-1.7.jar
[DEBUG]  C:\Users\andan\.m2\repository\org\sonatype\aether\aether-spi\1.7\aether-spi-1.7.jar
[DEBUG]  C:\Users\andan\.m2\repository\org\sonatype\aether\aether-api\1.7\aether-api-1.7.jar
[DEBUG]  C:\Users\andan\.m2\repository\org\sonatype\aether\aether-util\1.7\aether-util-1.7.jar
[DEBUG]  C:\Users\andan\.m2\repository\org\codehaus\plexus\plexus-interpolation\1.14\plexus-interpolation-1.14.jar
[DEBUG]  C:\Users\andan\.m2\repository\org\codehaus\plexus\plexus-classworlds\2.2.3\plexus-classworlds-2.2.3.jar
[DEBUG]  C:\Users\andan\.m2\repository\org\codehaus\plexus\plexus-component-annotations\1.5.5\plexus-component-annotations-1.5.5.jar
[DEBUG]  C:\Users\andan\.m2\repository\org\sonatype\plexus\plexus-sec-dispatcher\1.3\plexus-sec-dispatcher-1.3.jar
[DEBUG]  C:\Users\andan\.m2\repository\org\sonatype\plexus\plexus-cipher\1.4\plexus-cipher-1.4.jar
[DEBUG]  C:\Users\andan\.m2\repository\org\apache\maven\shared\maven-shared-utils\3.1.0\maven-shared-utils-3.1.0.jar
[DEBUG]  C:\Users\andan\.m2\repository\org\apache\maven\shared\maven-shared-incremental\1.1\maven-shared-incremental-1.1.jar
[DEBUG]  C:\Users\andan\.m2\repository\org\codehaus\plexus\plexus-java\0.9.2\plexus-java-0.9.2.jar
[DEBUG]  C:\Users\andan\.m2\repository\org\ow2\asm\asm\6.0_BETA\asm-6.0_BETA.jar
[DEBUG]  C:\Users\andan\.m2\repository\com\thoughtworks\qdox\qdox\2.0-M7\qdox-2.0-M7.jar
[DEBUG]  C:\Users\andan\.m2\repository\org\codehaus\plexus\plexus-compiler-api\2.8.2\plexus-compiler-api-2.8.2.jar
[DEBUG]  C:\Users\andan\.m2\repository\org\codehaus\plexus\plexus-compiler-manager\2.8.2\plexus-compiler-manager-2.8.2.jar
[DEBUG]  C:\Users\andan\.m2\repository\org\codehaus\plexus\plexus-compiler-javac\2.8.2\plexus-compiler-javac-2.8.2.jar
[DEBUG]  C:\Users\andan\.m2\repository\log4j\log4j\1.2.17\log4j-1.2.17.jar
[DEBUG] Source roots:
[DEBUG]  C:\Users\andan\IdeaProjects\TestGroup\src\test\java
[DEBUG] Command line options:
[DEBUG] -d C:\Users\andan\IdeaProjects\TestGroup\target\test-classes -classpath C:\Users\andan\IdeaProjects\TestGroup\target\test-classes;C:\Users\andan\IdeaProjects\TestGroup\target\classes;C:\Users\andan\.m2\repository\org\seleniumhq\selenium\selenium-java\3.141.59\selenium-java-3.141.59.jar;C:\Users\andan\.m2\repository\org\seleniumhq\selenium\selenium-api\3.141.59\selenium-api-3.141.59.jar;C:\Users\andan\.m2\repository\org\seleniumhq\selenium\selenium-chrome-driver\3.141.59\selenium-chrome-driver-3.141.59.jar;C:\Users\andan\.m2\repository\org\seleniumhq\selenium\selenium-edge-driver\3.141.59\selenium-edge-driver-3.141.59.jar;C:\Users\andan\.m2\repository\org\seleniumhq\selenium\selenium-firefox-driver\3.141.59\selenium-firefox-driver-3.141.59.jar;C:\Users\andan\.m2\repository\org\seleniumhq\selenium\selenium-ie-driver\3.141.59\selenium-ie-driver-3.141.59.jar;C:\Users\andan\.m2\repository\org\seleniumhq\selenium\selenium-opera-driver\3.141.59\selenium-opera-driver-3.141.59.jar;C:\Users\andan\.m2\repository\org\seleniumhq\selenium\selenium-remote-driver\3.141.59\selenium-remote-driver-3.141.59.jar;C:\Users\andan\.m2\repository\org\seleniumhq\selenium\selenium-safari-driver\3.141.59\selenium-safari-driver-3.141.59.jar;C:\Users\andan\.m2\repository\org\seleniumhq\selenium\selenium-support\3.141.59\selenium-support-3.141.59.jar;C:\Users\andan\.m2\repository\net\bytebuddy\byte-buddy\1.8.15\byte-buddy-1.8.15.jar;C:\Users\andan\.m2\repository\org\apache\commons\commons-exec\1.3\commons-exec-1.3.jar;C:\Users\andan\.m2\repository\com\google\guava\guava\25.0-jre\guava-25.0-jre.jar;C:\Users\andan\.m2\repository\com\google\code\findbugs\jsr305\1.3.9\jsr305-1.3.9.jar;C:\Users\andan\.m2\repository\org\checkerframework\checker-compat-qual\2.0.0\checker-compat-qual-2.0.0.jar;C:\Users\andan\.m2\repository\com\google\errorprone\error_prone_annotations\2.1.3\error_prone_annotations-2.1.3.jar;C:\Users\andan\.m2\repository\com\google\j2objc\j2objc-annotations\1.1\j2objc-annotations-1.1.jar;C:\Users\andan\.m2\repository\org\codehaus\mojo\animal-sniffer-annotations\1.14\animal-sniffer-annotations-1.14.jar;C:\Users\andan\.m2\repository\com\squareup\okhttp3\okhttp\3.11.0\okhttp-3.11.0.jar;C:\Users\andan\.m2\repository\com\squareup\okio\okio\1.14.0\okio-1.14.0.jar;C:\Users\andan\.m2\repository\org\testng\testng\6.14.3\testng-6.14.3.jar;C:\Users\andan\.m2\repository\com\beust\jcommander\1.72\jcommander-1.72.jar;C:\Users\andan\.m2\repository\org\apache-extras\beanshell\bsh\2.0b6\bsh-2.0b6.jar;C:\Users\andan\.m2\repository\io\qameta\allure\allure-testng\2.7.0\allure-testng-2.7.0.jar;C:\Users\andan\.m2\repository\io\qameta\allure\allure-descriptions-javadoc\2.7.0\allure-descriptions-javadoc-2.7.0.jar;C:\Users\andan\.m2\repository\commons-io\commons-io\2.6\commons-io-2.6.jar;C:\Users\andan\.m2\repository\io\qameta\allure\allure-java-commons\2.7.0\allure-java-commons-2.7.0.jar;C:\Users\andan\.m2\repository\io\qameta\allure\allure2-model-api\1.0.0\allure2-model-api-1.0.0.jar;C:\Users\andan\.m2\repository\io\qameta\allure\allure2-model-pojo\1.0.0\allure2-model-pojo-1.0.0.jar;C:\Users\andan\.m2\repository\org\apache\tika\tika-core\1.14\tika-core-1.14.jar;C:\Users\andan\.m2\repository\io\qameta\allure\allure2-model-jackson\1.0.0\allure2-model-jackson-1.0.0.jar;C:\Users\andan\.m2\repository\com\fasterxml\jackson\core\jackson-databind\2.7.0\jackson-databind-2.7.0.jar;C:\Users\andan\.m2\repository\com\fasterxml\jackson\core\jackson-annotations\2.7.0\jackson-annotations-2.7.0.jar;C:\Users\andan\.m2\repository\com\fasterxml\jackson\core\jackson-core\2.7.0\jackson-core-2.7.0.jar;C:\Users\andan\.m2\repository\com\fasterxml\jackson\module\jackson-module-jaxb-annotations\2.7.0\jackson-module-jaxb-annotations-2.7.0.jar;C:\Users\andan\.m2\repository\org\aspectj\aspectjrt\1.9.1\aspectjrt-1.9.1.jar;C:\Users\andan\.m2\repository\org\jooq\joor-java-8\0.9.9\joor-java-8-0.9.9.jar;C:\Users\andan\.m2\repository\org\slf4j\slf4j-api\1.7.25\slf4j-api-1.7.25.jar;C:\Users\andan\.m2\repository\javax\xml\bind\jaxb-api\2.3.0\jaxb-api-2.3.0.jar;C:\Users\andan\.m2\repository\com\opencsv\opencsv\4.1\opencsv-4.1.jar;C:\Users\andan\.m2\repository\org\apache\commons\commons-lang3\3.6\commons-lang3-3.6.jar;C:\Users\andan\.m2\repository\org\apache\commons\commons-text\1.1\commons-text-1.1.jar;C:\Users\andan\.m2\repository\commons-beanutils\commons-beanutils\1.9.3\commons-beanutils-1.9.3.jar;C:\Users\andan\.m2\repository\commons-logging\commons-logging\1.2\commons-logging-1.2.jar;C:\Users\andan\.m2\repository\commons-collections\commons-collections\3.2.2\commons-collections-3.2.2.jar;C:\Users\andan\.m2\repository\org\apache\maven\plugins\maven-surefire-plugin\2.21.0\maven-surefire-plugin-2.21.0.jar;C:\Users\andan\.m2\repository\org\apache\maven\surefire\maven-surefire-common\2.21.0\maven-surefire-common-2.21.0.jar;C:\Users\andan\.m2\repository\org\apache\maven\plugin-tools\maven-plugin-annotations\3.5\maven-plugin-annotations-3.5.jar;C:\Users\andan\.m2\repository\org\apache\maven\surefire\surefire-api\2.21.0\surefire-api-2.21.0.jar;C:\Users\andan\.m2\repository\org\apache\maven\surefire\surefire-logger-api\2.21.0\surefire-logger-api-2.21.0.jar;C:\Users\andan\.m2\repository\org\apache\maven\surefire\surefire-booter\2.21.0\surefire-booter-2.21.0.jar;C:\Users\andan\.m2\repository\org\apache\maven\maven-plugin-descriptor\2.2.1\maven-plugin-descriptor-2.2.1.jar;C:\Users\andan\.m2\repository\org\codehaus\plexus\plexus-container-default\1.0-alpha-9-stable-1\plexus-container-default-1.0-alpha-9-stable-1.jar;C:\Users\andan\.m2\repository\junit\junit\3.8.1\junit-3.8.1.jar;C:\Users\andan\.m2\repository\classworlds\classworlds\1.1-alpha-2\classworlds-1.1-alpha-2.jar;C:\Users\andan\.m2\repository\org\apache\maven\maven-project\2.2.1\maven-project-2.2.1.jar;C:\Users\andan\.m2\repository\org\apache\maven\maven-profile\2.2.1\maven-profile-2.2.1.jar;C:\Users\andan\.m2\repository\org\apache\maven\maven-artifact-manager\2.2.1\maven-artifact-manager-2.2.1.jar;C:\Users\andan\.m2\repository\org\apache\maven\wagon\wagon-provider-api\1.0-beta-6\wagon-provider-api-1.0-beta-6.jar;C:\Users\andan\.m2\repository\backport-util-concurrent\backport-util-concurrent\3.1\backport-util-concurrent-3.1.jar;C:\Users\andan\.m2\repository\org\apache\maven\maven-plugin-registry\2.2.1\maven-plugin-registry-2.2.1.jar;C:\Users\andan\.m2\repository\org\apache\maven\maven-model\2.2.1\maven-model-2.2.1.jar;C:\Users\andan\.m2\repository\org\apache\maven\maven-toolchain\2.2.1\maven-toolchain-2.2.1.jar;C:\Users\andan\.m2\repository\org\apache\maven\plugins\maven-compiler-plugin\3.7.0\maven-compiler-plugin-3.7.0.jar;C:\Users\andan\.m2\repository\org\apache\maven\maven-plugin-api\3.0\maven-plugin-api-3.0.jar;C:\Users\andan\.m2\repository\org\sonatype\sisu\sisu-inject-plexus\1.4.2\sisu-inject-plexus-1.4.2.jar;C:\Users\andan\.m2\repository\org\sonatype\sisu\sisu-inject-bean\1.4.2\sisu-inject-bean-1.4.2.jar;C:\Users\andan\.m2\repository\org\sonatype\sisu\sisu-guice\2.1.7\sisu-guice-2.1.7-noaop.jar;C:\Users\andan\.m2\repository\org\apache\maven\maven-artifact\3.0\maven-artifact-3.0.jar;C:\Users\andan\.m2\repository\org\codehaus\plexus\plexus-utils\2.0.4\plexus-utils-2.0.4.jar;C:\Users\andan\.m2\repository\org\apache\maven\maven-core\3.0\maven-core-3.0.jar;C:\Users\andan\.m2\repository\org\apache\maven\maven-settings\3.0\maven-settings-3.0.jar;C:\Users\andan\.m2\repository\org\apache\maven\maven-settings-builder\3.0\maven-settings-builder-3.0.jar;C:\Users\andan\.m2\repository\org\apache\maven\maven-repository-metadata\3.0\maven-repository-metadata-3.0.jar;C:\Users\andan\.m2\repository\org\apache\maven\maven-model-builder\3.0\maven-model-builder-3.0.jar;C:\Users\andan\.m2\repository\org\apache\maven\maven-aether-provider\3.0\maven-aether-provider-3.0.jar;C:\Users\andan\.m2\repository\org\sonatype\aether\aether-impl\1.7\aether-impl-1.7.jar;C:\Users\andan\.m2\repository\org\sonatype\aether\aether-spi\1.7\aether-spi-1.7.jar;C:\Users\andan\.m2\repository\org\sonatype\aether\aether-api\1.7\aether-api-1.7.jar;C:\Users\andan\.m2\repository\org\sonatype\aether\aether-util\1.7\aether-util-1.7.jar;C:\Users\andan\.m2\repository\org\codehaus\plexus\plexus-interpolation\1.14\plexus-interpolation-1.14.jar;C:\Users\andan\.m2\repository\org\codehaus\plexus\plexus-classworlds\2.2.3\plexus-classworlds-2.2.3.jar;C:\Users\andan\.m2\repository\org\codehaus\plexus\plexus-component-annotations\1.5.5\plexus-component-annotations-1.5.5.jar;C:\Users\andan\.m2\repository\org\sonatype\plexus\plexus-sec-dispatcher\1.3\plexus-sec-dispatcher-1.3.jar;C:\Users\andan\.m2\repository\org\sonatype\plexus\plexus-cipher\1.4\plexus-cipher-1.4.jar;C:\Users\andan\.m2\repository\org\apache\maven\shared\maven-shared-utils\3.1.0\maven-shared-utils-3.1.0.jar;C:\Users\andan\.m2\repository\org\apache\maven\shared\maven-shared-incremental\1.1\maven-shared-incremental-1.1.jar;C:\Users\andan\.m2\repository\org\codehaus\plexus\plexus-java\0.9.2\plexus-java-0.9.2.jar;C:\Users\andan\.m2\repository\org\ow2\asm\asm\6.0_BETA\asm-6.0_BETA.jar;C:\Users\andan\.m2\repository\com\thoughtworks\qdox\qdox\2.0-M7\qdox-2.0-M7.jar;C:\Users\andan\.m2\repository\org\codehaus\plexus\plexus-compiler-api\2.8.2\plexus-compiler-api-2.8.2.jar;C:\Users\andan\.m2\repository\org\codehaus\plexus\plexus-compiler-manager\2.8.2\plexus-compiler-manager-2.8.2.jar;C:\Users\andan\.m2\repository\org\codehaus\plexus\plexus-compiler-javac\2.8.2\plexus-compiler-javac-2.8.2.jar;C:\Users\andan\.m2\repository\log4j\log4j\1.2.17\log4j-1.2.17.jar; -sourcepath C:\Users\andan\IdeaProjects\TestGroup\src\test\java; -s C:\Users\andan\IdeaProjects\TestGroup\target\generated-test-sources\test-annotations -g -nowarn -target 8 -source 8
[WARNING] File encoding has not been set, using platform encoding Cp1251, i.e. build is platform dependent!
[DEBUG] incrementalBuildHelper#beforeRebuildExecution
[INFO] Compiling 9 source files to C:\Users\andan\IdeaProjects\TestGroup\target\test-classes
[DEBUG] incrementalBuildHelper#afterRebuildExecution
[WARNING] /C:/Users/andan/IdeaProjects/TestGroup/src/test/java/methods/RegistrationPageMethods.java: C:\Users\andan\IdeaProjects\TestGroup\src\test\java\methods\RegistrationPageMethods.java uses or overrides a deprecated API.
[WARNING] /C:/Users/andan/IdeaProjects/TestGroup/src/test/java/methods/RegistrationPageMethods.java: Recompile with -Xlint:deprecation for details.
[INFO] 
[INFO] --- maven-surefire-plugin:2.20.1:test (default-test) @ TestGroup ---
[DEBUG] Dependency collection stats: {ConflictMarker.analyzeTime=230393, ConflictMarker.markTime=100288, ConflictMarker.nodeCount=112, ConflictIdSorter.graphTime=109324, ConflictIdSorter.topsortTime=56920, ConflictIdSorter.conflictIdCount=35, ConflictIdSorter.conflictIdCycleCount=0, ConflictResolver.totalTime=1831094, ConflictResolver.conflictItemCount=77, DefaultDependencyCollector.collectTime=81703194, DefaultDependencyCollector.transformTime=2356327}
[DEBUG] org.apache.maven.plugins:maven-surefire-plugin:jar:2.20.1:
[DEBUG]    org.aspectj:aspectjweaver:jar:1.8.10:runtime
[DEBUG]    org.apache.maven.surefire:maven-surefire-common:jar:2.20.1:compile
[DEBUG]       org.apache.maven:maven-plugin-api:jar:2.2.1:compile
[DEBUG]       org.apache.maven.plugin-tools:maven-plugin-annotations:jar:3.3:compile
[DEBUG]       org.apache.maven.surefire:surefire-api:jar:2.20.1:compile
[DEBUG]          org.apache.maven.surefire:surefire-logger-api:jar:2.20.1:compile
[DEBUG]       org.apache.maven.surefire:surefire-booter:jar:2.20.1:compile
[DEBUG]       org.apache.maven:maven-artifact:jar:2.2.1:compile
[DEBUG]          org.codehaus.plexus:plexus-utils:jar:1.5.15:compile
[DEBUG]       org.apache.maven:maven-plugin-descriptor:jar:2.2.1:compile
[DEBUG]          org.codehaus.plexus:plexus-container-default:jar:1.0-alpha-9-stable-1:compile
[DEBUG]             junit:junit:jar:4.12:compile
[DEBUG]                org.hamcrest:hamcrest-core:jar:1.3:compile
[DEBUG]       org.apache.maven:maven-project:jar:2.2.1:compile
[DEBUG]          org.apache.maven:maven-settings:jar:2.2.1:compile
[DEBUG]          org.apache.maven:maven-profile:jar:2.2.1:compile
[DEBUG]          org.apache.maven:maven-artifact-manager:jar:2.2.1:compile
[DEBUG]             backport-util-concurrent:backport-util-concurrent:jar:3.1:compile
[DEBUG]          org.apache.maven:maven-plugin-registry:jar:2.2.1:compile
[DEBUG]          org.codehaus.plexus:plexus-interpolation:jar:1.11:compile
[DEBUG]       org.apache.maven:maven-model:jar:2.2.1:compile
[DEBUG]       org.apache.maven:maven-core:jar:2.2.1:compile
[DEBUG]          org.apache.maven:maven-plugin-parameter-documenter:jar:2.2.1:compile
[DEBUG]          org.slf4j:slf4j-jdk14:jar:1.5.6:runtime
[DEBUG]             org.slf4j:slf4j-api:jar:1.5.6:runtime
[DEBUG]          org.slf4j:jcl-over-slf4j:jar:1.5.6:runtime
[DEBUG]          org.apache.maven.reporting:maven-reporting-api:jar:3.0:compile
[DEBUG]          org.apache.maven:maven-repository-metadata:jar:2.2.1:compile
[DEBUG]          org.apache.maven:maven-error-diagnostics:jar:2.2.1:compile
[DEBUG]          org.apache.maven:maven-monitor:jar:2.2.1:compile
[DEBUG]          classworlds:classworlds:jar:1.1:compile
[DEBUG]          org.sonatype.plexus:plexus-sec-dispatcher:jar:1.3:compile
[DEBUG]             org.sonatype.plexus:plexus-cipher:jar:1.4:compile
[DEBUG]       org.apache.maven:maven-toolchain:jar:2.2.1:compile
[DEBUG] Created new class realm plugin>org.apache.maven.plugins:maven-surefire-plugin:2.20.1
[DEBUG] Importing foreign packages into class realm plugin>org.apache.maven.plugins:maven-surefire-plugin:2.20.1
[DEBUG]   Imported:  < maven.api
[DEBUG] Populating class realm plugin>org.apache.maven.plugins:maven-surefire-plugin:2.20.1
[DEBUG]   Included: org.apache.maven.plugins:maven-surefire-plugin:jar:2.20.1
[DEBUG]   Included: org.aspectj:aspectjweaver:jar:1.8.10
[DEBUG]   Included: org.apache.maven.surefire:maven-surefire-common:jar:2.20.1
[DEBUG]   Included: org.apache.maven.plugin-tools:maven-plugin-annotations:jar:3.3
[DEBUG]   Included: org.apache.maven.surefire:surefire-api:jar:2.20.1
[DEBUG]   Included: org.apache.maven.surefire:surefire-logger-api:jar:2.20.1
[DEBUG]   Included: org.apache.maven.surefire:surefire-booter:jar:2.20.1
[DEBUG]   Included: org.codehaus.plexus:plexus-utils:jar:1.5.15
[DEBUG]   Included: junit:junit:jar:4.12
[DEBUG]   Included: org.hamcrest:hamcrest-core:jar:1.3
[DEBUG]   Included: backport-util-concurrent:backport-util-concurrent:jar:3.1
[DEBUG]   Included: org.codehaus.plexus:plexus-interpolation:jar:1.11
[DEBUG]   Included: org.slf4j:slf4j-jdk14:jar:1.5.6
[DEBUG]   Included: org.slf4j:jcl-over-slf4j:jar:1.5.6
[DEBUG]   Included: org.apache.maven.reporting:maven-reporting-api:jar:3.0
[DEBUG]   Included: org.sonatype.plexus:plexus-sec-dispatcher:jar:1.3
[DEBUG]   Included: org.sonatype.plexus:plexus-cipher:jar:1.4
[DEBUG] Configuring mojo org.apache.maven.plugins:maven-surefire-plugin:2.20.1:test from plugin realm ClassRealm[plugin>org.apache.maven.plugins:maven-surefire-plugin:2.20.1, parent: jdk.internal.loader.ClassLoaders$AppClassLoader@73d16e93]
[DEBUG] Configuring mojo 'org.apache.maven.plugins:maven-surefire-plugin:2.20.1:test' with basic configurator -->
[DEBUG]   (s) additionalClasspathElements = []
[DEBUG]   (s) argLine = -javaagent:"C:\Users\andan\.m2\repository/org/aspectj/aspectjweaver/1.8.10/aspectjweaver-1.8.10.jar"
[DEBUG]   (s) basedir = C:\Users\andan\IdeaProjects\TestGroup
[DEBUG]   (s) childDelegation = false
[DEBUG]   (s) classesDirectory = C:\Users\andan\IdeaProjects\TestGroup\target\classes
[DEBUG]   (s) classpathDependencyExcludes = []
[DEBUG]   (s) dependenciesToScan = []
[DEBUG]   (s) disableXmlReport = false
[DEBUG]   (s) enableAssertions = true
[DEBUG]   (f) forkCount = 1
[DEBUG]   (s) forkMode = once
[DEBUG]   (s) forkedProcessExitTimeoutInSeconds = 30
[DEBUG]   (s) junitArtifactName = junit:junit
[DEBUG]   (s) localRepository =       id: local
      url: file:///C:/Users/andan/.m2/repository/
   layout: default
snapshots: [enabled => true, update => always]
 releases: [enabled => true, update => always]

[DEBUG]   (f) parallelMavenExecution = false
[DEBUG]   (s) parallelOptimized = true
[DEBUG]   (s) perCoreThreadCount = true
[DEBUG]   (s) pluginArtifactMap = {org.apache.maven.plugins:maven-surefire-plugin=org.apache.maven.plugins:maven-surefire-plugin:maven-plugin:2.20.1:, org.aspectj:aspectjweaver=org.aspectj:aspectjweaver:jar:1.8.10:runtime, org.apache.maven.surefire:maven-surefire-common=org.apache.maven.surefire:maven-surefire-common:jar:2.20.1:compile, org.apache.maven:maven-plugin-api=org.apache.maven:maven-plugin-api:jar:2.2.1:compile, org.apache.maven.plugin-tools:maven-plugin-annotations=org.apache.maven.plugin-tools:maven-plugin-annotations:jar:3.3:compile, org.apache.maven.surefire:surefire-api=org.apache.maven.surefire:surefire-api:jar:2.20.1:compile, org.apache.maven.surefire:surefire-logger-api=org.apache.maven.surefire:surefire-logger-api:jar:2.20.1:compile, org.apache.maven.surefire:surefire-booter=org.apache.maven.surefire:surefire-booter:jar:2.20.1:compile, org.apache.maven:maven-artifact=org.apache.maven:maven-artifact:jar:2.2.1:compile, org.codehaus.plexus:plexus-utils=org.codehaus.plexus:plexus-utils:jar:1.5.15:compile, org.apache.maven:maven-plugin-descriptor=org.apache.maven:maven-plugin-descriptor:jar:2.2.1:compile, org.codehaus.plexus:plexus-container-default=org.codehaus.plexus:plexus-container-default:jar:1.0-alpha-9-stable-1:compile, junit:junit=junit:junit:jar:4.12:compile, org.hamcrest:hamcrest-core=org.hamcrest:hamcrest-core:jar:1.3:compile, org.apache.maven:maven-project=org.apache.maven:maven-project:jar:2.2.1:compile, org.apache.maven:maven-settings=org.apache.maven:maven-settings:jar:2.2.1:compile, org.apache.maven:maven-profile=org.apache.maven:maven-profile:jar:2.2.1:compile, org.apache.maven:maven-artifact-manager=org.apache.maven:maven-artifact-manager:jar:2.2.1:compile, backport-util-concurrent:backport-util-concurrent=backport-util-concurrent:backport-util-concurrent:jar:3.1:compile, org.apache.maven:maven-plugin-registry=org.apache.maven:maven-plugin-registry:jar:2.2.1:compile, org.codehaus.plexus:plexus-interpolation=org.codehaus.plexus:plexus-interpolation:jar:1.11:compile, org.apache.maven:maven-model=org.apache.maven:maven-model:jar:2.2.1:compile, org.apache.maven:maven-core=org.apache.maven:maven-core:jar:2.2.1:compile, org.apache.maven:maven-plugin-parameter-documenter=org.apache.maven:maven-plugin-parameter-documenter:jar:2.2.1:compile, org.slf4j:slf4j-jdk14=org.slf4j:slf4j-jdk14:jar:1.5.6:runtime, org.slf4j:slf4j-api=org.slf4j:slf4j-api:jar:1.5.6:runtime, org.slf4j:jcl-over-slf4j=org.slf4j:jcl-over-slf4j:jar:1.5.6:runtime, org.apache.maven.reporting:maven-reporting-api=org.apache.maven.reporting:maven-reporting-api:jar:3.0:compile, org.apache.maven:maven-repository-metadata=org.apache.maven:maven-repository-metadata:jar:2.2.1:compile, org.apache.maven:maven-error-diagnostics=org.apache.maven:maven-error-diagnostics:jar:2.2.1:compile, org.apache.maven:maven-monitor=org.apache.maven:maven-monitor:jar:2.2.1:compile, classworlds:classworlds=classworlds:classworlds:jar:1.1:compile, org.sonatype.plexus:plexus-sec-dispatcher=org.sonatype.plexus:plexus-sec-dispatcher:jar:1.3:compile, org.sonatype.plexus:plexus-cipher=org.sonatype.plexus:plexus-cipher:jar:1.4:compile, org.apache.maven:maven-toolchain=org.apache.maven:maven-toolchain:jar:2.2.1:compile}
[DEBUG]   (f) pluginDescriptor = Component Descriptor: role: 'org.apache.maven.plugin.Mojo', implementation: 'org.apache.maven.plugin.surefire.HelpMojo', role hint: 'org.apache.maven.plugins:maven-surefire-plugin:2.20.1:help'
role: 'org.apache.maven.plugin.Mojo', implementation: 'org.apache.maven.plugin.surefire.SurefirePlugin', role hint: 'org.apache.maven.plugins:maven-surefire-plugin:2.20.1:test'
---
[DEBUG]   (s) printSummary = true
[DEBUG]   (s) projectArtifactMap = {org.seleniumhq.selenium:selenium-java=org.seleniumhq.selenium:selenium-java:jar:3.141.59:compile, org.seleniumhq.selenium:selenium-api=org.seleniumhq.selenium:selenium-api:jar:3.141.59:compile, org.seleniumhq.selenium:selenium-chrome-driver=org.seleniumhq.selenium:selenium-chrome-driver:jar:3.141.59:compile, org.seleniumhq.selenium:selenium-edge-driver=org.seleniumhq.selenium:selenium-edge-driver:jar:3.141.59:compile, org.seleniumhq.selenium:selenium-firefox-driver=org.seleniumhq.selenium:selenium-firefox-driver:jar:3.141.59:compile, org.seleniumhq.selenium:selenium-ie-driver=org.seleniumhq.selenium:selenium-ie-driver:jar:3.141.59:compile, org.seleniumhq.selenium:selenium-opera-driver=org.seleniumhq.selenium:selenium-opera-driver:jar:3.141.59:compile, org.seleniumhq.selenium:selenium-remote-driver=org.seleniumhq.selenium:selenium-remote-driver:jar:3.141.59:compile, org.seleniumhq.selenium:selenium-safari-driver=org.seleniumhq.selenium:selenium-safari-driver:jar:3.141.59:compile, org.seleniumhq.selenium:selenium-support=org.seleniumhq.selenium:selenium-support:jar:3.141.59:compile, net.bytebuddy:byte-buddy=net.bytebuddy:byte-buddy:jar:1.8.15:compile, org.apache.commons:commons-exec=org.apache.commons:commons-exec:jar:1.3:compile, com.google.guava:guava=com.google.guava:guava:jar:25.0-jre:compile, com.google.code.findbugs:jsr305=com.google.code.findbugs:jsr305:jar:1.3.9:compile, org.checkerframework:checker-compat-qual=org.checkerframework:checker-compat-qual:jar:2.0.0:compile, com.google.errorprone:error_prone_annotations=com.google.errorprone:error_prone_annotations:jar:2.1.3:compile, com.google.j2objc:j2objc-annotations=com.google.j2objc:j2objc-annotations:jar:1.1:compile, org.codehaus.mojo:animal-sniffer-annotations=org.codehaus.mojo:animal-sniffer-annotations:jar:1.14:compile, com.squareup.okhttp3:okhttp=com.squareup.okhttp3:okhttp:jar:3.11.0:compile, com.squareup.okio:okio=com.squareup.okio:okio:jar:1.14.0:compile, org.testng:testng=org.testng:testng:jar:6.14.3:test, com.beust:jcommander=com.beust:jcommander:jar:1.72:test, org.apache-extras.beanshell:bsh=org.apache-extras.beanshell:bsh:jar:2.0b6:test, io.qameta.allure:allure-testng=io.qameta.allure:allure-testng:jar:2.7.0:compile, io.qameta.allure:allure-descriptions-javadoc=io.qameta.allure:allure-descriptions-javadoc:jar:2.7.0:compile, commons-io:commons-io=commons-io:commons-io:jar:2.6:compile, io.qameta.allure:allure-java-commons=io.qameta.allure:allure-java-commons:jar:2.7.0:compile, io.qameta.allure:allure2-model-api=io.qameta.allure:allure2-model-api:jar:1.0.0:compile, io.qameta.allure:allure2-model-pojo=io.qameta.allure:allure2-model-pojo:jar:1.0.0:compile, org.apache.tika:tika-core=org.apache.tika:tika-core:jar:1.14:compile, io.qameta.allure:allure2-model-jackson=io.qameta.allure:allure2-model-jackson:jar:1.0.0:compile, com.fasterxml.jackson.core:jackson-databind=com.fasterxml.jackson.core:jackson-databind:jar:2.7.0:compile, com.fasterxml.jackson.core:jackson-annotations=com.fasterxml.jackson.core:jackson-annotations:jar:2.7.0:compile, com.fasterxml.jackson.core:jackson-core=com.fasterxml.jackson.core:jackson-core:jar:2.7.0:compile, com.fasterxml.jackson.module:jackson-module-jaxb-annotations=com.fasterxml.jackson.module:jackson-module-jaxb-annotations:jar:2.7.0:compile, org.aspectj:aspectjrt=org.aspectj:aspectjrt:jar:1.9.1:compile, org.jooq:joor-java-8=org.jooq:joor-java-8:jar:0.9.9:compile, org.slf4j:slf4j-api=org.slf4j:slf4j-api:jar:1.7.25:compile, javax.xml.bind:jaxb-api=javax.xml.bind:jaxb-api:jar:2.3.0:compile, com.opencsv:opencsv=com.opencsv:opencsv:jar:4.1:compile, org.apache.commons:commons-lang3=org.apache.commons:commons-lang3:jar:3.6:compile, org.apache.commons:commons-text=org.apache.commons:commons-text:jar:1.1:compile, commons-beanutils:commons-beanutils=commons-beanutils:commons-beanutils:jar:1.9.3:compile, commons-logging:commons-logging=commons-logging:commons-logging:jar:1.2:compile, commons-collections:commons-collections=commons-collections:commons-collections:jar:3.2.2:compile, org.apache.maven.plugins:maven-surefire-plugin=org.apache.maven.plugins:maven-surefire-plugin:jar:2.21.0:compile, org.apache.maven.surefire:maven-surefire-common=org.apache.maven.surefire:maven-surefire-common:jar:2.21.0:compile, org.apache.maven.plugin-tools:maven-plugin-annotations=org.apache.maven.plugin-tools:maven-plugin-annotations:jar:3.5:compile, org.apache.maven.surefire:surefire-api=org.apache.maven.surefire:surefire-api:jar:2.21.0:compile, org.apache.maven.surefire:surefire-logger-api=org.apache.maven.surefire:surefire-logger-api:jar:2.21.0:compile, org.apache.maven.surefire:surefire-booter=org.apache.maven.surefire:surefire-booter:jar:2.21.0:compile, org.apache.maven:maven-plugin-descriptor=org.apache.maven:maven-plugin-descriptor:jar:2.2.1:compile, org.codehaus.plexus:plexus-container-default=org.codehaus.plexus:plexus-container-default:jar:1.0-alpha-9-stable-1:compile, junit:junit=junit:junit:jar:3.8.1:compile, classworlds:classworlds=classworlds:classworlds:jar:1.1-alpha-2:compile, org.apache.maven:maven-project=org.apache.maven:maven-project:jar:2.2.1:compile, org.apache.maven:maven-profile=org.apache.maven:maven-profile:jar:2.2.1:compile, org.apache.maven:maven-artifact-manager=org.apache.maven:maven-artifact-manager:jar:2.2.1:compile, org.apache.maven.wagon:wagon-provider-api=org.apache.maven.wagon:wagon-provider-api:jar:1.0-beta-6:compile, backport-util-concurrent:backport-util-concurrent=backport-util-concurrent:backport-util-concurrent:jar:3.1:compile, org.apache.maven:maven-plugin-registry=org.apache.maven:maven-plugin-registry:jar:2.2.1:compile, org.apache.maven:maven-model=org.apache.maven:maven-model:jar:2.2.1:compile, org.apache.maven:maven-toolchain=org.apache.maven:maven-toolchain:jar:2.2.1:compile, org.apache.maven.plugins:maven-compiler-plugin=org.apache.maven.plugins:maven-compiler-plugin:jar:3.7.0:compile, org.apache.maven:maven-plugin-api=org.apache.maven:maven-plugin-api:jar:3.0:compile, org.sonatype.sisu:sisu-inject-plexus=org.sonatype.sisu:sisu-inject-plexus:jar:1.4.2:compile, org.sonatype.sisu:sisu-inject-bean=org.sonatype.sisu:sisu-inject-bean:jar:1.4.2:compile, org.sonatype.sisu:sisu-guice=org.sonatype.sisu:sisu-guice:jar:noaop:2.1.7:compile, org.apache.maven:maven-artifact=org.apache.maven:maven-artifact:jar:3.0:compile, org.codehaus.plexus:plexus-utils=org.codehaus.plexus:plexus-utils:jar:2.0.4:compile, org.apache.maven:maven-core=org.apache.maven:maven-core:jar:3.0:compile, org.apache.maven:maven-settings=org.apache.maven:maven-settings:jar:3.0:compile, org.apache.maven:maven-settings-builder=org.apache.maven:maven-settings-builder:jar:3.0:compile, org.apache.maven:maven-repository-metadata=org.apache.maven:maven-repository-metadata:jar:3.0:compile, org.apache.maven:maven-model-builder=org.apache.maven:maven-model-builder:jar:3.0:compile, org.apache.maven:maven-aether-provider=org.apache.maven:maven-aether-provider:jar:3.0:runtime, org.sonatype.aether:aether-impl=org.sonatype.aether:aether-impl:jar:1.7:compile, org.sonatype.aether:aether-spi=org.sonatype.aether:aether-spi:jar:1.7:compile, org.sonatype.aether:aether-api=org.sonatype.aether:aether-api:jar:1.7:compile, org.sonatype.aether:aether-util=org.sonatype.aether:aether-util:jar:1.7:compile, org.codehaus.plexus:plexus-interpolation=org.codehaus.plexus:plexus-interpolation:jar:1.14:compile, org.codehaus.plexus:plexus-classworlds=org.codehaus.plexus:plexus-classworlds:jar:2.2.3:compile, org.codehaus.plexus:plexus-component-annotations=org.codehaus.plexus:plexus-component-annotations:jar:1.5.5:compile, org.sonatype.plexus:plexus-sec-dispatcher=org.sonatype.plexus:plexus-sec-dispatcher:jar:1.3:compile, org.sonatype.plexus:plexus-cipher=org.sonatype.plexus:plexus-cipher:jar:1.4:compile, org.apache.maven.shared:maven-shared-utils=org.apache.maven.shared:maven-shared-utils:jar:3.1.0:compile, org.apache.maven.shared:maven-shared-incremental=org.apache.maven.shared:maven-shared-incremental:jar:1.1:compile, org.codehaus.plexus:plexus-java=org.codehaus.plexus:plexus-java:jar:0.9.2:compile, org.ow2.asm:asm=org.ow2.asm:asm:jar:6.0_BETA:compile, com.thoughtworks.qdox:qdox=com.thoughtworks.qdox:qdox:jar:2.0-M7:compile, org.codehaus.plexus:plexus-compiler-api=org.codehaus.plexus:plexus-compiler-api:jar:2.8.2:compile, org.codehaus.plexus:plexus-compiler-manager=org.codehaus.plexus:plexus-compiler-manager:jar:2.8.2:compile, org.codehaus.plexus:plexus-compiler-javac=org.codehaus.plexus:plexus-compiler-javac:jar:2.8.2:runtime, log4j:log4j=log4j:log4j:jar:1.2.17:compile}
[DEBUG]   (s) projectBuildDirectory = C:\Users\andan\IdeaProjects\TestGroup\target
[DEBUG]   (s) properties = {allure.results.directory=target/allure-results}
[DEBUG]   (s) redirectTestOutputToFile = false
[DEBUG]   (s) remoteRepositories = [      id: central
      url: https://repo.maven.apache.org/maven2
   layout: default
snapshots: [enabled => false, update => daily]
 releases: [enabled => true, update => never]
]
[DEBUG]   (s) reportFormat = brief
[DEBUG]   (s) reportsDirectory = C:\Users\andan\IdeaProjects\TestGroup\target\surefire-reports
[DEBUG]   (f) rerunFailingTestsCount = 0
[DEBUG]   (f) reuseForks = true
[DEBUG]   (s) runOrder = filesystem
[DEBUG]   (f) shutdown = testset
[DEBUG]   (s) skip = false
[DEBUG]   (f) skipAfterFailureCount = 0
[DEBUG]   (s) skipTests = false
[DEBUG]   (s) suiteXmlFiles = []
[DEBUG]   (s) systemProperties = {allure.results.directory=C:\Users\andan\IdeaProjects\TestGroup\target\allure-results}
[DEBUG]   (s) systemPropertyVariables = {allure.results.directory=C:\Users\andan\IdeaProjects\TestGroup\target/allure-results}
[DEBUG]   (s) tempDir = surefire
[DEBUG]   (s) testClassesDirectory = C:\Users\andan\IdeaProjects\TestGroup\target\test-classes
[DEBUG]   (s) testFailureIgnore = false
[DEBUG]   (s) testNGArtifactName = org.testng:testng
[DEBUG]   (s) testSourceDirectory = C:\Users\andan\IdeaProjects\TestGroup\src\test\java
[DEBUG]   (s) threadCountClasses = 0
[DEBUG]   (s) threadCountMethods = 0
[DEBUG]   (s) threadCountSuites = 0
[DEBUG]   (s) trimStackTrace = true
[DEBUG]   (s) useFile = true
[DEBUG]   (s) useManifestOnlyJar = true
[DEBUG]   (s) useSystemClassLoader = true
[DEBUG]   (s) useUnlimitedThreads = false
[DEBUG]   (s) workingDirectory = C:\Users\andan\IdeaProjects\TestGroup
[DEBUG]   (s) project = MavenProject: TestGroup:TestGroup:1.0-SNAPSHOT @ C:\Users\andan\IdeaProjects\TestGroup\pom.xml
[DEBUG]   (s) session = org.apache.maven.execution.MavenSession@732c9b5c
[DEBUG] -- end configuration --
[DEBUG] Surefire report directory: C:\Users\andan\IdeaProjects\TestGroup\target\surefire-reports
[DEBUG] Setting system property [basedir]=[C:\Users\andan\IdeaProjects\TestGroup]
[DEBUG] Setting system property [allure.results.directory]=[C:\Users\andan\IdeaProjects\TestGroup\target/allure-results]
[DEBUG] Setting system property [user.dir]=[C:\Users\andan\IdeaProjects\TestGroup]
[DEBUG] Setting system property [localRepository]=[C:\Users\andan\.m2\repository]
[INFO] ------------------------------------------------------------------------
[INFO] BUILD FAILURE
[INFO] ------------------------------------------------------------------------
[INFO] Total time:  4.738 s
[INFO] Finished at: 2019-05-24T07:14:38+03:00
[INFO] ------------------------------------------------------------------------
[ERROR] Failed to execute goal org.apache.maven.plugins:maven-surefire-plugin:2.20.1:test (default-test) on project TestGroup: Execution default-test of goal org.apache.maven.plugins:maven-surefire-plugin:2.20.1:test failed.: NullPointerException -> [Help 1]
org.apache.maven.lifecycle.LifecycleExecutionException: Failed to execute goal org.apache.maven.plugins:maven-surefire-plugin:2.20.1:test (default-test) on project TestGroup: Execution default-test of goal org.apache.maven.plugins:maven-surefire-plugin:2.20.1:test failed.
    at org.apache.maven.lifecycle.internal.MojoExecutor.execute (MojoExecutor.java:215)
    at org.apache.maven.lifecycle.internal.MojoExecutor.execute (MojoExecutor.java:156)
    at org.apache.maven.lifecycle.internal.MojoExecutor.execute (MojoExecutor.java:148)
    at org.apache.maven.lifecycle.internal.LifecycleModuleBuilder.buildProject (LifecycleModuleBuilder.java:117)
    at org.apache.maven.lifecycle.internal.LifecycleModuleBuilder.buildProject (LifecycleModuleBuilder.java:81)
    at org.apache.maven.lifecycle.internal.builder.singlethreaded.SingleThreadedBuilder.build (SingleThreadedBuilder.java:56)
    at org.apache.maven.lifecycle.internal.LifecycleStarter.execute (LifecycleStarter.java:128)
    at org.apache.maven.DefaultMaven.doExecute (DefaultMaven.java:305)
    at org.apache.maven.DefaultMaven.doExecute (DefaultMaven.java:192)
    at org.apache.maven.DefaultMaven.execute (DefaultMaven.java:105)
    at org.apache.maven.cli.MavenCli.execute (MavenCli.java:956)
    at org.apache.maven.cli.MavenCli.doMain (MavenCli.java:288)
    at org.apache.maven.cli.MavenCli.main (MavenCli.java:192)
    at jdk.internal.reflect.NativeMethodAccessorImpl.invoke0 (Native Method)
    at jdk.internal.reflect.NativeMethodAccessorImpl.invoke (NativeMethodAccessorImpl.java:62)
    at jdk.internal.reflect.DelegatingMethodAccessorImpl.invoke (DelegatingMethodAccessorImpl.java:43)
    at java.lang.reflect.Method.invoke (Method.java:567)
    at org.codehaus.plexus.classworlds.launcher.Launcher.launchEnhanced (Launcher.java:282)
    at org.codehaus.plexus.classworlds.launcher.Launcher.launch (Launcher.java:225)
    at org.codehaus.plexus.classworlds.launcher.Launcher.mainWithExitCode (Launcher.java:406)
    at org.codehaus.plexus.classworlds.launcher.Launcher.main (Launcher.java:347)
Caused by: org.apache.maven.plugin.PluginExecutionException: Execution default-test of goal org.apache.maven.plugins:maven-surefire-plugin:2.20.1:test failed.
    at org.apache.maven.plugin.DefaultBuildPluginManager.executeMojo (DefaultBuildPluginManager.java:148)
    at org.apache.maven.lifecycle.internal.MojoExecutor.execute (MojoExecutor.java:210)
    at org.apache.maven.lifecycle.internal.MojoExecutor.execute (MojoExecutor.java:156)
    at org.apache.maven.lifecycle.internal.MojoExecutor.execute (MojoExecutor.java:148)
    at org.apache.maven.lifecycle.internal.LifecycleModuleBuilder.buildProject (LifecycleModuleBuilder.java:117)
    at org.apache.maven.lifecycle.internal.LifecycleModuleBuilder.buildProject (LifecycleModuleBuilder.java:81)
    at org.apache.maven.lifecycle.internal.builder.singlethreaded.SingleThreadedBuilder.build (SingleThreadedBuilder.java:56)
    at org.apache.maven.lifecycle.internal.LifecycleStarter.execute (LifecycleStarter.java:128)
    at org.apache.maven.DefaultMaven.doExecute (DefaultMaven.java:305)
    at org.apache.maven.DefaultMaven.doExecute (DefaultMaven.java:192)
    at org.apache.maven.DefaultMaven.execute (DefaultMaven.java:105)
    at org.apache.maven.cli.MavenCli.execute (MavenCli.java:956)
    at org.apache.maven.cli.MavenCli.doMain (MavenCli.java:288)
    at org.apache.maven.cli.MavenCli.main (MavenCli.java:192)
    at jdk.internal.reflect.NativeMethodAccessorImpl.invoke0 (Native Method)
    at jdk.internal.reflect.NativeMethodAccessorImpl.invoke (NativeMethodAccessorImpl.java:62)
    at jdk.internal.reflect.DelegatingMethodAccessorImpl.invoke (DelegatingMethodAccessorImpl.java:43)
    at java.lang.reflect.Method.invoke (Method.java:567)
    at org.codehaus.plexus.classworlds.launcher.Launcher.launchEnhanced (Launcher.java:282)
    at org.codehaus.plexus.classworlds.launcher.Launcher.launch (Launcher.java:225)
    at org.codehaus.plexus.classworlds.launcher.Launcher.mainWithExitCode (Launcher.java:406)
    at org.codehaus.plexus.classworlds.launcher.Launcher.main (Launcher.java:347)
Caused by: java.lang.NullPointerException
    at org.apache.maven.surefire.shade.org.apache.commons.lang3.SystemUtils.isJavaVersionAtLeast (SystemUtils.java:1626)
    at org.apache.maven.plugin.surefire.AbstractSurefireMojo.createSurefireBootDirectoryInTemp (AbstractSurefireMojo.java:2904)
    at org.apache.maven.plugin.surefire.AbstractSurefireMojo.getSurefireTempDir (AbstractSurefireMojo.java:2129)
    at org.apache.maven.plugin.surefire.AbstractSurefireMojo.getForkConfiguration (AbstractSurefireMojo.java:1967)
    at org.apache.maven.plugin.surefire.AbstractSurefireMojo.executeProvider (AbstractSurefireMojo.java:1111)
    at org.apache.maven.plugin.surefire.AbstractSurefireMojo.executeAfterPreconditionsChecked (AbstractSurefireMojo.java:954)
    at org.apache.maven.plugin.surefire.AbstractSurefireMojo.execute (AbstractSurefireMojo.java:832)
    at org.apache.maven.plugin.DefaultBuildPluginManager.executeMojo (DefaultBuildPluginManager.java:137)
    at org.apache.maven.lifecycle.internal.MojoExecutor.execute (MojoExecutor.java:210)
    at org.apache.maven.lifecycle.internal.MojoExecutor.execute (MojoExecutor.java:156)
    at org.apache.maven.lifecycle.internal.MojoExecutor.execute (MojoExecutor.java:148)
    at org.apache.maven.lifecycle.internal.LifecycleModuleBuilder.buildProject (LifecycleModuleBuilder.java:117)
    at org.apache.maven.lifecycle.internal.LifecycleModuleBuilder.buildProject (LifecycleModuleBuilder.java:81)
    at org.apache.maven.lifecycle.internal.builder.singlethreaded.SingleThreadedBuilder.build (SingleThreadedBuilder.java:56)
    at org.apache.maven.lifecycle.internal.LifecycleStarter.execute (LifecycleStarter.java:128)
    at org.apache.maven.DefaultMaven.doExecute (DefaultMaven.java:305)
    at org.apache.maven.DefaultMaven.doExecute (DefaultMaven.java:192)
    at org.apache.maven.DefaultMaven.execute (DefaultMaven.java:105)
    at org.apache.maven.cli.MavenCli.execute (MavenCli.java:956)
    at org.apache.maven.cli.MavenCli.doMain (MavenCli.java:288)
    at org.apache.maven.cli.MavenCli.main (MavenCli.java:192)
    at jdk.internal.reflect.NativeMethodAccessorImpl.invoke0 (Native Method)
    at jdk.internal.reflect.NativeMethodAccessorImpl.invoke (NativeMethodAccessorImpl.java:62)
    at jdk.internal.reflect.DelegatingMethodAccessorImpl.invoke (DelegatingMethodAccessorImpl.java:43)
    at java.lang.reflect.Method.invoke (Method.java:567)
    at org.codehaus.plexus.classworlds.launcher.Launcher.launchEnhanced (Launcher.java:282)
    at org.codehaus.plexus.classworlds.launcher.Launcher.launch (Launcher.java:225)
    at org.codehaus.plexus.classworlds.launcher.Launcher.mainWithExitCode (Launcher.java:406)
    at org.codehaus.plexus.classworlds.launcher.Launcher.main (Launcher.java:347)
[ERROR] 
[ERROR] 
[ERROR] For more information about the errors and possible solutions, please read the following articles:
[ERROR] [Help 1] http://cwiki.apache.org/confluence/display/MAVEN/PluginExecutionException
